[2026-09-22T03:05:39.734+0000] {local_task_job_runner.py:123} INFO - ::group::Pre task execution logs
[2026-09-22T03:05:39.743+0000] {taskinstance.py:2614} INFO - Dependencies all met for dep_context=non-requeueable deps ti=<TaskInstance: load_kalimantan_postgres.load_province_62 manual__2026-09-22T03:04:58.350491+00:00 [queued]>
[2026-09-22T03:05:39.746+0000] {taskinstance.py:2614} INFO - Dependencies all met for dep_context=requeueable deps ti=<TaskInstance: load_kalimantan_postgres.load_province_62 manual__2026-09-22T03:04:58.350491+00:00 [queued]>
[2026-09-22T03:05:39.746+0000] {taskinstance.py:2867} INFO - Starting attempt 1 of 3
[2026-09-22T03:05:39.750+0000] {taskinstance.py:2890} INFO - Executing <Task(_PythonDecoratedOperator): load_province_62> on 2026-09-22 03:04:58.350491+00:00
[2026-09-22T03:05:39.752+0000] {standard_task_runner.py:72} INFO - Started process 545 to run task
[2026-09-22T03:05:39.754+0000] {standard_task_runner.py:104} INFO - Running: ['***', 'tasks', 'run', 'load_kalimantan_postgres', 'load_province_62', 'manual__2026-09-22T03:04:58.350491+00:00', '--job-id', '9', '--raw', '--subdir', 'DAGS_FOLDER/load_kalimantan_postgres.py', '--cfg-path', '/tmp/tmpgln7_r77']
[2026-09-22T03:05:39.755+0000] {standard_task_runner.py:105} INFO - Job 9: Subtask load_province_62
[2026-09-22T03:05:39.781+0000] {task_command.py:467} INFO - Running <TaskInstance: load_kalimantan_postgres.load_province_62 manual__2026-09-22T03:04:58.350491+00:00 [running]> on host 339bfe956b50
[2026-09-22T03:05:39.816+0000] {taskinstance.py:3134} INFO - Exporting env vars: AIRFLOW_CTX_DAG_OWNER='***' AIRFLOW_CTX_DAG_ID='load_kalimantan_postgres' AIRFLOW_CTX_TASK_ID='load_province_62' AIRFLOW_CTX_EXECUTION_DATE='2026-09-22T03:04:58.350491+00:00' AIRFLOW_CTX_TRY_NUMBER='1' AIRFLOW_CTX_DAG_RUN_ID='manual__2026-09-22T03:04:58.350491+00:00'
[2026-09-22T03:05:39.817+0000] {taskinstance.py:732} INFO - ::endgroup::
[2026-09-22T03:05:40.300+0000] {_client.py:1740} INFO - HTTP Request: GET https://www.emsifa.com/api-wilayah-indonesia/v2/provinces.json "HTTP/1.1 200 OK"
[2026-09-22T03:05:40.654+0000] {_client.py:1740} INFO - HTTP Request: GET https://www.emsifa.com/api-wilayah-indonesia/v2/regencies/62.json "HTTP/1.1 200 OK"
[2026-09-22T03:05:41.006+0000] {_client.py:1740} INFO - HTTP Request: GET https://www.emsifa.com/api-wilayah-indonesia/v2/regencies/62.01.json "HTTP/1.1 200 OK"
[2026-09-22T03:05:41.400+0000] {_client.py:1740} INFO - HTTP Request: GET https://www.emsifa.com/api-wilayah-indonesia/v2/provinces/62.json "HTTP/1.1 200 OK"
[2026-09-22T03:05:41.817+0000] {_client.py:1740} INFO - HTTP Request: GET https://www.emsifa.com/api-wilayah-indonesia/v2/paths/62.01.json "HTTP/1.1 200 OK"
[2026-09-22T03:05:42.280+0000] {_client.py:1740} INFO - HTTP Request: GET https://api.open-meteo.com/v1/forecast?latitude=-2.6922174879548355&longitude=111.63434121272037&daily=weather_code%2Ctemperature_2m_min%2Ctemperature_2m_max%2Ctemperature_2m_mean%2Crelative_humidity_2m_mean%2Cprecipitation_sum%2Cprecipitation_probability_max%2Cwind_speed_10m_max%2Cwind_direction_10m_dominant%2Cuv_index_max&forecast_days=3&timezone=auto "HTTP/1.1 200 OK"
[2026-09-22T03:05:42.299+0000] {_client.py:1740} INFO - HTTP Request: GET https://weather.visualcrossing.com/VisualCrossingWebServices/rest/services/timeline/-2.6922174879548355,111.63434121272037/2026-09-21/2026-09-21?unitGroup=metric&include=days&elements=datetime%2Ctemp%2Chumidity%2Cprecip%2Cwindspeed%2Cwinddir%2Cconditions&contentType=json&key=4YQR6MUMC3B7XPBT8GSBEG6XP "HTTP/1.1 200 "
[2026-09-22T03:05:42.325+0000] {_client.py:1740} INFO - HTTP Request: GET https://air-quality-api.open-meteo.com/v1/air-quality?latitude=-2.6922174879548355&longitude=111.63434121272037&hourly=us_aqi%2Cpm2_5%2Cpm10%2Cnitrogen_dioxide%2Ccarbon_monoxide%2Cdust%2Caerosol_optical_depth%2Cuv_index&past_days=1&forecast_days=1&timezone=auto "HTTP/1.1 200 OK"
[2026-09-22T03:05:43.672+0000] {_client.py:1740} INFO - HTTP Request: GET https://firms.modaps.eosdis.nasa.gov/api/area/csv/a00e0fd453cf11b44d6fe4f23d97f671/VIIRS_SNPP_NRT/111.323631,-3.53479,112.099403,-1.33915/2 "HTTP/1.1 200 OK"
[2026-09-22T03:05:45.383+0000] {_client.py:1740} INFO - HTTP Request: GET https://www.emsifa.com/api-wilayah-indonesia/v2/regencies/62.02.json "HTTP/1.1 200 OK"
[2026-09-22T03:05:45.794+0000] {_client.py:1740} INFO - HTTP Request: GET https://www.emsifa.com/api-wilayah-indonesia/v2/paths/62.02.json "HTTP/1.1 200 OK"
[2026-09-22T03:05:46.380+0000] {_client.py:1740} INFO - HTTP Request: GET https://api.open-meteo.com/v1/forecast?latitude=-2.537536373508974&longitude=112.94101118060833&daily=weather_code%2Ctemperature_2m_min%2Ctemperature_2m_max%2Ctemperature_2m_mean%2Crelative_humidity_2m_mean%2Cprecipitation_sum%2Cprecipitation_probability_max%2Cwind_speed_10m_max%2Cwind_direction_10m_dominant%2Cuv_index_max&forecast_days=3&timezone=auto "HTTP/1.1 200 OK"
[2026-09-22T03:05:46.393+0000] {_client.py:1740} INFO - HTTP Request: GET https://air-quality-api.open-meteo.com/v1/air-quality?latitude=-2.537536373508974&longitude=112.94101118060833&hourly=us_aqi%2Cpm2_5%2Cpm10%2Cnitrogen_dioxide%2Ccarbon_monoxide%2Cdust%2Caerosol_optical_depth%2Cuv_index&past_days=1&forecast_days=1&timezone=auto "HTTP/1.1 200 OK"
[2026-09-22T03:05:46.428+0000] {_client.py:1740} INFO - HTTP Request: GET https://weather.visualcrossing.com/VisualCrossingWebServices/rest/services/timeline/-2.537536373508974,112.94101118060833/2026-09-21/2026-09-21?unitGroup=metric&include=days&elements=datetime%2Ctemp%2Chumidity%2Cprecip%2Cwindspeed%2Cwinddir%2Cconditions&contentType=json&key=4YQR6MUMC3B7XPBT8GSBEG6XP "HTTP/1.1 200 "
[2026-09-22T03:05:47.749+0000] {_client.py:1740} INFO - HTTP Request: GET https://firms.modaps.eosdis.nasa.gov/api/area/csv/a00e0fd453cf11b44d6fe4f23d97f671/VIIRS_SNPP_NRT/112.078918,-3.307107,113.217422,-1.18016/2 "HTTP/1.1 200 OK"
[2026-09-22T03:05:49.479+0000] {_client.py:1740} INFO - HTTP Request: GET https://www.emsifa.com/api-wilayah-indonesia/v2/regencies/62.03.json "HTTP/1.1 200 OK"
[2026-09-22T03:05:49.981+0000] {_client.py:1740} INFO - HTTP Request: GET https://www.emsifa.com/api-wilayah-indonesia/v2/paths/62.03.json "HTTP/1.1 200 OK"
[2026-09-22T03:05:50.354+0000] {_client.py:1740} INFO - HTTP Request: GET https://weather.visualcrossing.com/VisualCrossingWebServices/rest/services/timeline/-2.9644660187868714,114.4161336148058/2026-09-21/2026-09-21?unitGroup=metric&include=days&elements=datetime%2Ctemp%2Chumidity%2Cprecip%2Cwindspeed%2Cwinddir%2Cconditions&contentType=json&key=4YQR6MUMC3B7XPBT8GSBEG6XP "HTTP/1.1 200 "
[2026-09-22T03:05:50.405+0000] {_client.py:1740} INFO - HTTP Request: GET https://api.open-meteo.com/v1/forecast?latitude=-2.9644660187868714&longitude=114.4161336148058&daily=weather_code%2Ctemperature_2m_min%2Ctemperature_2m_max%2Ctemperature_2m_mean%2Crelative_humidity_2m_mean%2Cprecipitation_sum%2Cprecipitation_probability_max%2Cwind_speed_10m_max%2Cwind_direction_10m_dominant%2Cuv_index_max&forecast_days=3&timezone=auto "HTTP/1.1 200 OK"
[2026-09-22T03:05:50.499+0000] {_client.py:1740} INFO - HTTP Request: GET https://air-quality-api.open-meteo.com/v1/air-quality?latitude=-2.9644660187868714&longitude=114.4161336148058&hourly=us_aqi%2Cpm2_5%2Cpm10%2Cnitrogen_dioxide%2Ccarbon_monoxide%2Cdust%2Caerosol_optical_depth%2Cuv_index&past_days=1&forecast_days=1&timezone=auto "HTTP/1.1 200 OK"
[2026-09-22T03:05:51.783+0000] {_client.py:1740} INFO - HTTP Request: GET https://firms.modaps.eosdis.nasa.gov/api/area/csv/a00e0fd453cf11b44d6fe4f23d97f671/VIIRS_SNPP_NRT/113.609962,-3.461931,114.879822,-0.425019/2 "HTTP/1.1 200 OK"
[2026-09-22T03:05:53.427+0000] {_client.py:1740} INFO - HTTP Request: GET https://www.emsifa.com/api-wilayah-indonesia/v2/regencies/62.04.json "HTTP/1.1 200 OK"
[2026-09-22T03:05:53.842+0000] {_client.py:1740} INFO - HTTP Request: GET https://www.emsifa.com/api-wilayah-indonesia/v2/paths/62.04.json "HTTP/1.1 200 OK"
[2026-09-22T03:05:54.286+0000] {_client.py:1740} INFO - HTTP Request: GET https://api.open-meteo.com/v1/forecast?latitude=-1.718998796838818&longitude=114.84513147281662&daily=weather_code%2Ctemperature_2m_min%2Ctemperature_2m_max%2Ctemperature_2m_mean%2Crelative_humidity_2m_mean%2Cprecipitation_sum%2Cprecipitation_probability_max%2Cwind_speed_10m_max%2Cwind_direction_10m_dominant%2Cuv_index_max&forecast_days=3&timezone=auto "HTTP/1.1 200 OK"
[2026-09-22T03:05:54.289+0000] {_client.py:1740} INFO - HTTP Request: GET https://air-quality-api.open-meteo.com/v1/air-quality?latitude=-1.718998796838818&longitude=114.84513147281662&hourly=us_aqi%2Cpm2_5%2Cpm10%2Cnitrogen_dioxide%2Ccarbon_monoxide%2Cdust%2Caerosol_optical_depth%2Cuv_index&past_days=1&forecast_days=1&timezone=auto "HTTP/1.1 200 OK"
[2026-09-22T03:05:54.327+0000] {_client.py:1740} INFO - HTTP Request: GET https://weather.visualcrossing.com/VisualCrossingWebServices/rest/services/timeline/-1.718998796838818,114.84513147281662/2026-09-21/2026-09-21?unitGroup=metric&include=days&elements=datetime%2Ctemp%2Chumidity%2Cprecip%2Cwindspeed%2Cwinddir%2Cconditions&contentType=json&key=4YQR6MUMC3B7XPBT8GSBEG6XP "HTTP/1.1 200 "
[2026-09-22T03:05:55.619+0000] {_client.py:1740} INFO - HTTP Request: GET https://firms.modaps.eosdis.nasa.gov/api/area/csv/a00e0fd453cf11b44d6fe4f23d97f671/VIIRS_SNPP_NRT/114.528946,-2.460711,115.400528,-1.394068/2 "HTTP/1.1 200 OK"
[2026-09-22T03:05:56.444+0000] {_client.py:1740} INFO - HTTP Request: GET https://www.emsifa.com/api-wilayah-indonesia/v2/regencies/62.05.json "HTTP/1.1 200 OK"
[2026-09-22T03:05:56.861+0000] {_client.py:1740} INFO - HTTP Request: GET https://www.emsifa.com/api-wilayah-indonesia/v2/paths/62.05.json "HTTP/1.1 200 OK"
[2026-09-22T03:05:57.340+0000] {_client.py:1740} INFO - HTTP Request: GET https://air-quality-api.open-meteo.com/v1/air-quality?latitude=-0.9520746870429637&longitude=114.89845405524693&hourly=us_aqi%2Cpm2_5%2Cpm10%2Cnitrogen_dioxide%2Ccarbon_monoxide%2Cdust%2Caerosol_optical_depth%2Cuv_index&past_days=1&forecast_days=1&timezone=auto "HTTP/1.1 200 OK"
[2026-09-22T03:05:57.357+0000] {_client.py:1740} INFO - HTTP Request: GET https://weather.visualcrossing.com/VisualCrossingWebServices/rest/services/timeline/-0.9520746870429637,114.89845405524693/2026-09-21/2026-09-21?unitGroup=metric&include=days&elements=datetime%2Ctemp%2Chumidity%2Cprecip%2Cwindspeed%2Cwinddir%2Cconditions&contentType=json&key=4YQR6MUMC3B7XPBT8GSBEG6XP "HTTP/1.1 200 "
[2026-09-22T03:05:57.367+0000] {_client.py:1740} INFO - HTTP Request: GET https://api.open-meteo.com/v1/forecast?latitude=-0.9520746870429637&longitude=114.89845405524693&daily=weather_code%2Ctemperature_2m_min%2Ctemperature_2m_max%2Ctemperature_2m_mean%2Crelative_humidity_2m_mean%2Cprecipitation_sum%2Cprecipitation_probability_max%2Cwind_speed_10m_max%2Cwind_direction_10m_dominant%2Cuv_index_max&forecast_days=3&timezone=auto "HTTP/1.1 200 OK"
[2026-09-22T03:05:58.309+0000] {_client.py:1740} INFO - HTTP Request: GET https://firms.modaps.eosdis.nasa.gov/api/area/csv/a00e0fd453cf11b44d6fe4f23d97f671/VIIRS_SNPP_NRT/114.411133,-1.48489,115.847198,-0.030389/2 "HTTP/1.1 200 OK"
[2026-09-22T03:05:59.015+0000] {_client.py:1740} INFO - HTTP Request: GET https://www.emsifa.com/api-wilayah-indonesia/v2/regencies/62.06.json "HTTP/1.1 200 OK"
[2026-09-22T03:05:59.490+0000] {_client.py:1740} INFO - HTTP Request: GET https://www.emsifa.com/api-wilayah-indonesia/v2/paths/62.06.json "HTTP/1.1 200 OK"
[2026-09-22T03:05:59.872+0000] {_client.py:1740} INFO - HTTP Request: GET https://air-quality-api.open-meteo.com/v1/air-quality?latitude=-1.8807186625388674&longitude=113.39917637503677&hourly=us_aqi%2Cpm2_5%2Cpm10%2Cnitrogen_dioxide%2Ccarbon_monoxide%2Cdust%2Caerosol_optical_depth%2Cuv_index&past_days=1&forecast_days=1&timezone=auto "HTTP/1.1 200 OK"
[2026-09-22T03:05:59.896+0000] {_client.py:1740} INFO - HTTP Request: GET https://api.open-meteo.com/v1/forecast?latitude=-1.8807186625388674&longitude=113.39917637503677&daily=weather_code%2Ctemperature_2m_min%2Ctemperature_2m_max%2Ctemperature_2m_mean%2Crelative_humidity_2m_mean%2Cprecipitation_sum%2Cprecipitation_probability_max%2Cwind_speed_10m_max%2Cwind_direction_10m_dominant%2Cuv_index_max&forecast_days=3&timezone=auto "HTTP/1.1 200 OK"
[2026-09-22T03:05:59.924+0000] {_client.py:1740} INFO - HTTP Request: GET https://weather.visualcrossing.com/VisualCrossingWebServices/rest/services/timeline/-1.8807186625388674,113.39917637503677/2026-09-21/2026-09-21?unitGroup=metric&include=days&elements=datetime%2Ctemp%2Chumidity%2Cprecip%2Cwindspeed%2Cwinddir%2Cconditions&contentType=json&key=4YQR6MUMC3B7XPBT8GSBEG6XP "HTTP/1.1 200 "
[2026-09-22T03:06:01.591+0000] {_client.py:1740} INFO - HTTP Request: GET https://firms.modaps.eosdis.nasa.gov/api/area/csv/a00e0fd453cf11b44d6fe4f23d97f671/VIIRS_SNPP_NRT/111.978607,-3.30361,113.752289,-0.4426/2 "HTTP/1.1 200 OK"
[2026-09-22T03:06:02.815+0000] {_client.py:1740} INFO - HTTP Request: GET https://www.emsifa.com/api-wilayah-indonesia/v2/regencies/62.07.json "HTTP/1.1 200 OK"
[2026-09-22T03:06:03.214+0000] {_client.py:1740} INFO - HTTP Request: GET https://www.emsifa.com/api-wilayah-indonesia/v2/paths/62.07.json "HTTP/1.1 200 OK"
[2026-09-22T03:06:03.694+0000] {_client.py:1740} INFO - HTTP Request: GET https://weather.visualcrossing.com/VisualCrossingWebServices/rest/services/timeline/-3.4138432398482084,112.54170361471685/2026-09-21/2026-09-21?unitGroup=metric&include=days&elements=datetime%2Ctemp%2Chumidity%2Cprecip%2Cwindspeed%2Cwinddir%2Cconditions&contentType=json&key=4YQR6MUMC3B7XPBT8GSBEG6XP "HTTP/1.1 200 "
[2026-09-22T03:06:03.768+0000] {_client.py:1740} INFO - HTTP Request: GET https://api.open-meteo.com/v1/forecast?latitude=-3.4138432398482084&longitude=112.54170361471685&daily=weather_code%2Ctemperature_2m_min%2Ctemperature_2m_max%2Ctemperature_2m_mean%2Crelative_humidity_2m_mean%2Cprecipitation_sum%2Cprecipitation_probability_max%2Cwind_speed_10m_max%2Cwind_direction_10m_dominant%2Cuv_index_max&forecast_days=3&timezone=auto "HTTP/1.1 200 OK"
[2026-09-22T03:06:03.772+0000] {_client.py:1740} INFO - HTTP Request: GET https://air-quality-api.open-meteo.com/v1/air-quality?latitude=-3.4138432398482084&longitude=112.54170361471685&hourly=us_aqi%2Cpm2_5%2Cpm10%2Cnitrogen_dioxide%2Ccarbon_monoxide%2Cdust%2Caerosol_optical_depth%2Cuv_index&past_days=1&forecast_days=1&timezone=auto "HTTP/1.1 200 OK"
[2026-09-22T03:06:05.010+0000] {_client.py:1740} INFO - HTTP Request: GET https://firms.modaps.eosdis.nasa.gov/api/area/csv/a00e0fd453cf11b44d6fe4f23d97f671/VIIRS_SNPP_NRT/111.487022,-3.54472,112.844589,-0.7732/2 "HTTP/1.1 200 OK"
[2026-09-22T03:06:06.899+0000] {_client.py:1740} INFO - HTTP Request: GET https://www.emsifa.com/api-wilayah-indonesia/v2/regencies/62.08.json "HTTP/1.1 200 OK"
[2026-09-22T03:06:07.320+0000] {_client.py:1740} INFO - HTTP Request: GET https://www.emsifa.com/api-wilayah-indonesia/v2/paths/62.08.json "HTTP/1.1 200 OK"
[2026-09-22T03:06:07.722+0000] {_client.py:1740} INFO - HTTP Request: GET https://api.open-meteo.com/v1/forecast?latitude=-2.7605344039108397&longitude=111.17662961478362&daily=weather_code%2Ctemperature_2m_min%2Ctemperature_2m_max%2Ctemperature_2m_mean%2Crelative_humidity_2m_mean%2Cprecipitation_sum%2Cprecipitation_probability_max%2Cwind_speed_10m_max%2Cwind_direction_10m_dominant%2Cuv_index_max&forecast_days=3&timezone=auto "HTTP/1.1 200 OK"
[2026-09-22T03:06:07.769+0000] {_client.py:1740} INFO - HTTP Request: GET https://weather.visualcrossing.com/VisualCrossingWebServices/rest/services/timeline/-2.7605344039108397,111.17662961478362/2026-09-21/2026-09-21?unitGroup=metric&include=days&elements=datetime%2Ctemp%2Chumidity%2Cprecip%2Cwindspeed%2Cwinddir%2Cconditions&contentType=json&key=4YQR6MUMC3B7XPBT8GSBEG6XP "HTTP/1.1 200 "
[2026-09-22T03:06:07.782+0000] {_client.py:1740} INFO - HTTP Request: GET https://air-quality-api.open-meteo.com/v1/air-quality?latitude=-2.7605344039108397&longitude=111.17662961478362&hourly=us_aqi%2Cpm2_5%2Cpm10%2Cnitrogen_dioxide%2Ccarbon_monoxide%2Cdust%2Caerosol_optical_depth%2Cuv_index&past_days=1&forecast_days=1&timezone=auto "HTTP/1.1 200 OK"
[2026-09-22T03:06:08.853+0000] {_client.py:1740} INFO - HTTP Request: GET https://firms.modaps.eosdis.nasa.gov/api/area/csv/a00e0fd453cf11b44d6fe4f23d97f671/VIIRS_SNPP_NRT/110.73439,-3.065833,111.433136,-1.99422/2 "HTTP/1.1 200 OK"
[2026-09-22T03:06:09.583+0000] {_client.py:1740} INFO - HTTP Request: GET https://www.emsifa.com/api-wilayah-indonesia/v2/regencies/62.09.json "HTTP/1.1 200 OK"
[2026-09-22T03:06:09.998+0000] {_client.py:1740} INFO - HTTP Request: GET https://www.emsifa.com/api-wilayah-indonesia/v2/paths/62.09.json "HTTP/1.1 200 OK"
[2026-09-22T03:06:10.488+0000] {_client.py:1740} INFO - HTTP Request: GET https://weather.visualcrossing.com/VisualCrossingWebServices/rest/services/timeline/-2.1848222337113796,111.42761967058787/2026-09-21/2026-09-21?unitGroup=metric&include=days&elements=datetime%2Ctemp%2Chumidity%2Cprecip%2Cwindspeed%2Cwinddir%2Cconditions&contentType=json&key=4YQR6MUMC3B7XPBT8GSBEG6XP "HTTP/1.1 200 "
[2026-09-22T03:06:10.496+0000] {_client.py:1740} INFO - HTTP Request: GET https://air-quality-api.open-meteo.com/v1/air-quality?latitude=-2.1848222337113796&longitude=111.42761967058787&hourly=us_aqi%2Cpm2_5%2Cpm10%2Cnitrogen_dioxide%2Ccarbon_monoxide%2Cdust%2Caerosol_optical_depth%2Cuv_index&past_days=1&forecast_days=1&timezone=auto "HTTP/1.1 200 OK"
[2026-09-22T03:06:10.498+0000] {_client.py:1740} INFO - HTTP Request: GET https://api.open-meteo.com/v1/forecast?latitude=-2.1848222337113796&longitude=111.42761967058787&daily=weather_code%2Ctemperature_2m_min%2Ctemperature_2m_max%2Ctemperature_2m_mean%2Crelative_humidity_2m_mean%2Cprecipitation_sum%2Cprecipitation_probability_max%2Cwind_speed_10m_max%2Cwind_direction_10m_dominant%2Cuv_index_max&forecast_days=3&timezone=auto "HTTP/1.1 200 OK"
[2026-09-22T03:06:11.469+0000] {_client.py:1740} INFO - HTTP Request: GET https://firms.modaps.eosdis.nasa.gov/api/area/csv/a00e0fd453cf11b44d6fe4f23d97f671/VIIRS_SNPP_NRT/110.855423,-2.15697,111.618187,-1.228309/2 "HTTP/1.1 200 OK"
[2026-09-22T03:06:12.158+0000] {_client.py:1740} INFO - HTTP Request: GET https://www.emsifa.com/api-wilayah-indonesia/v2/regencies/62.10.json "HTTP/1.1 200 OK"
[2026-09-22T03:06:12.572+0000] {_client.py:1740} INFO - HTTP Request: GET https://www.emsifa.com/api-wilayah-indonesia/v2/paths/62.10.json "HTTP/1.1 200 OK"
[2026-09-22T03:06:13.016+0000] {_client.py:1740} INFO - HTTP Request: GET https://weather.visualcrossing.com/VisualCrossingWebServices/rest/services/timeline/-1.1272585021152817,113.8438717306911/2026-09-21/2026-09-21?unitGroup=metric&include=days&elements=datetime%2Ctemp%2Chumidity%2Cprecip%2Cwindspeed%2Cwinddir%2Cconditions&contentType=json&key=4YQR6MUMC3B7XPBT8GSBEG6XP "HTTP/1.1 200 "
[2026-09-22T03:06:13.093+0000] {_client.py:1740} INFO - HTTP Request: GET https://air-quality-api.open-meteo.com/v1/air-quality?latitude=-1.1272585021152817&longitude=113.8438717306911&hourly=us_aqi%2Cpm2_5%2Cpm10%2Cnitrogen_dioxide%2Ccarbon_monoxide%2Cdust%2Caerosol_optical_depth%2Cuv_index&past_days=1&forecast_days=1&timezone=auto "HTTP/1.1 200 OK"
[2026-09-22T03:06:13.114+0000] {_client.py:1740} INFO - HTTP Request: GET https://api.open-meteo.com/v1/forecast?latitude=-1.1272585021152817&longitude=113.8438717306911&daily=weather_code%2Ctemperature_2m_min%2Ctemperature_2m_max%2Ctemperature_2m_mean%2Crelative_humidity_2m_mean%2Cprecipitation_sum%2Cprecipitation_probability_max%2Cwind_speed_10m_max%2Cwind_direction_10m_dominant%2Cuv_index_max&forecast_days=3&timezone=auto "HTTP/1.1 200 OK"
[2026-09-22T03:06:14.071+0000] {_client.py:1740} INFO - HTTP Request: GET https://firms.modaps.eosdis.nasa.gov/api/area/csv/a00e0fd453cf11b44d6fe4f23d97f671/VIIRS_SNPP_NRT/112.993866,-1.52149,113.988586,-0.26914/2 "HTTP/1.1 200 OK"
[2026-09-22T03:06:14.885+0000] {_client.py:1740} INFO - HTTP Request: GET https://www.emsifa.com/api-wilayah-indonesia/v2/regencies/62.11.json "HTTP/1.1 200 OK"
[2026-09-22T03:06:15.352+0000] {_client.py:1740} INFO - HTTP Request: GET https://www.emsifa.com/api-wilayah-indonesia/v2/paths/62.11.json "HTTP/1.1 200 OK"
[2026-09-22T03:06:15.736+0000] {_client.py:1740} INFO - HTTP Request: GET https://air-quality-api.open-meteo.com/v1/air-quality?latitude=-2.7164345343156215&longitude=114.30473004401904&hourly=us_aqi%2Cpm2_5%2Cpm10%2Cnitrogen_dioxide%2Ccarbon_monoxide%2Cdust%2Caerosol_optical_depth%2Cuv_index&past_days=1&forecast_days=1&timezone=auto "HTTP/1.1 200 OK"
[2026-09-22T03:06:15.759+0000] {_client.py:1740} INFO - HTTP Request: GET https://weather.visualcrossing.com/VisualCrossingWebServices/rest/services/timeline/-2.7164345343156215,114.30473004401904/2026-09-21/2026-09-21?unitGroup=metric&include=days&elements=datetime%2Ctemp%2Chumidity%2Cprecip%2Cwindspeed%2Cwinddir%2Cconditions&contentType=json&key=4YQR6MUMC3B7XPBT8GSBEG6XP "HTTP/1.1 200 "
[2026-09-22T03:06:15.812+0000] {_client.py:1740} INFO - HTTP Request: GET https://api.open-meteo.com/v1/forecast?latitude=-2.7164345343156215&longitude=114.30473004401904&daily=weather_code%2Ctemperature_2m_min%2Ctemperature_2m_max%2Ctemperature_2m_mean%2Crelative_humidity_2m_mean%2Cprecipitation_sum%2Cprecipitation_probability_max%2Cwind_speed_10m_max%2Cwind_direction_10m_dominant%2Cuv_index_max&forecast_days=3&timezone=auto "HTTP/1.1 200 OK"
[2026-09-22T03:06:17.333+0000] {_client.py:1740} INFO - HTTP Request: GET https://firms.modaps.eosdis.nasa.gov/api/area/csv/a00e0fd453cf11b44d6fe4f23d97f671/VIIRS_SNPP_NRT/113.578667,-3.470318,114.383469,-2.076041/2 "HTTP/1.1 200 OK"
[2026-09-22T03:06:19.270+0000] {_client.py:1740} INFO - HTTP Request: GET https://www.emsifa.com/api-wilayah-indonesia/v2/regencies/62.12.json "HTTP/1.1 200 OK"
[2026-09-22T03:06:19.697+0000] {_client.py:1740} INFO - HTTP Request: GET https://www.emsifa.com/api-wilayah-indonesia/v2/paths/62.12.json "HTTP/1.1 200 OK"
[2026-09-22T03:06:20.123+0000] {_client.py:1740} INFO - HTTP Request: GET https://api.open-meteo.com/v1/forecast?latitude=-0.6402071749256474&longitude=114.56874629288852&daily=weather_code%2Ctemperature_2m_min%2Ctemperature_2m_max%2Ctemperature_2m_mean%2Crelative_humidity_2m_mean%2Cprecipitation_sum%2Cprecipitation_probability_max%2Cwind_speed_10m_max%2Cwind_direction_10m_dominant%2Cuv_index_max&forecast_days=3&timezone=auto "HTTP/1.1 200 OK"
[2026-09-22T03:06:20.161+0000] {_client.py:1740} INFO - HTTP Request: GET https://weather.visualcrossing.com/VisualCrossingWebServices/rest/services/timeline/-0.6402071749256474,114.56874629288852/2026-09-21/2026-09-21?unitGroup=metric&include=days&elements=datetime%2Ctemp%2Chumidity%2Cprecip%2Cwindspeed%2Cwinddir%2Cconditions&contentType=json&key=4YQR6MUMC3B7XPBT8GSBEG6XP "HTTP/1.1 200 "
[2026-09-22T03:06:20.198+0000] {_client.py:1740} INFO - HTTP Request: GET https://air-quality-api.open-meteo.com/v1/air-quality?latitude=-0.6402071749256474&longitude=114.56874629288852&hourly=us_aqi%2Cpm2_5%2Cpm10%2Cnitrogen_dioxide%2Ccarbon_monoxide%2Cdust%2Caerosol_optical_depth%2Cuv_index&past_days=1&forecast_days=1&timezone=auto "HTTP/1.1 200 OK"
[2026-09-22T03:06:21.200+0000] {_client.py:1740} INFO - HTTP Request: GET https://firms.modaps.eosdis.nasa.gov/api/area/csv/a00e0fd453cf11b44d6fe4f23d97f671/VIIRS_SNPP_NRT/113.270119,-0.919881,115.136856,0.793241/2 "HTTP/1.1 200 OK"
[2026-09-22T03:06:21.911+0000] {_client.py:1740} INFO - HTTP Request: GET https://www.emsifa.com/api-wilayah-indonesia/v2/regencies/62.13.json "HTTP/1.1 200 OK"
[2026-09-22T03:06:22.366+0000] {_client.py:1740} INFO - HTTP Request: GET https://www.emsifa.com/api-wilayah-indonesia/v2/paths/62.13.json "HTTP/1.1 200 OK"
[2026-09-22T03:06:22.805+0000] {_client.py:1740} INFO - HTTP Request: GET https://air-quality-api.open-meteo.com/v1/air-quality?latitude=-2.115344993770098&longitude=115.16920098606302&hourly=us_aqi%2Cpm2_5%2Cpm10%2Cnitrogen_dioxide%2Ccarbon_monoxide%2Cdust%2Caerosol_optical_depth%2Cuv_index&past_days=1&forecast_days=1&timezone=auto "HTTP/1.1 200 OK"
[2026-09-22T03:06:22.808+0000] {_client.py:1740} INFO - HTTP Request: GET https://api.open-meteo.com/v1/forecast?latitude=-2.115344993770098&longitude=115.16920098606302&daily=weather_code%2Ctemperature_2m_min%2Ctemperature_2m_max%2Ctemperature_2m_mean%2Crelative_humidity_2m_mean%2Cprecipitation_sum%2Cprecipitation_probability_max%2Cwind_speed_10m_max%2Cwind_direction_10m_dominant%2Cuv_index_max&forecast_days=3&timezone=auto "HTTP/1.1 200 OK"
[2026-09-22T03:06:22.812+0000] {_client.py:1740} INFO - HTTP Request: GET https://weather.visualcrossing.com/VisualCrossingWebServices/rest/services/timeline/-2.115344993770098,115.16920098606302/2026-09-21/2026-09-21?unitGroup=metric&include=days&elements=datetime%2Ctemp%2Chumidity%2Cprecip%2Cwindspeed%2Cwinddir%2Cconditions&contentType=json&key=4YQR6MUMC3B7XPBT8GSBEG6XP "HTTP/1.1 200 "
[2026-09-22T03:06:23.911+0000] {_client.py:1740} INFO - HTTP Request: GET https://firms.modaps.eosdis.nasa.gov/api/area/csv/a00e0fd453cf11b44d6fe4f23d97f671/VIIRS_SNPP_NRT/114.789139,-2.36341,115.387001,-1.501521/2 "HTTP/1.1 200 OK"
[2026-09-22T03:06:24.670+0000] {_client.py:1740} INFO - HTTP Request: GET https://www.emsifa.com/api-wilayah-indonesia/v2/regencies/62.71.json "HTTP/1.1 200 OK"
[2026-09-22T03:06:25.080+0000] {_client.py:1740} INFO - HTTP Request: GET https://www.emsifa.com/api-wilayah-indonesia/v2/paths/62.71.json "HTTP/1.1 200 OK"
[2026-09-22T03:06:25.560+0000] {_client.py:1740} INFO - HTTP Request: GET https://weather.visualcrossing.com/VisualCrossingWebServices/rest/services/timeline/-2.173996226380074,113.8802702994111/2026-09-21/2026-09-21?unitGroup=metric&include=days&elements=datetime%2Ctemp%2Chumidity%2Cprecip%2Cwindspeed%2Cwinddir%2Cconditions&contentType=json&key=4YQR6MUMC3B7XPBT8GSBEG6XP "HTTP/1.1 200 "
[2026-09-22T03:06:25.596+0000] {_client.py:1740} INFO - HTTP Request: GET https://api.open-meteo.com/v1/forecast?latitude=-2.173996226380074&longitude=113.8802702994111&daily=weather_code%2Ctemperature_2m_min%2Ctemperature_2m_max%2Ctemperature_2m_mean%2Crelative_humidity_2m_mean%2Cprecipitation_sum%2Cprecipitation_probability_max%2Cwind_speed_10m_max%2Cwind_direction_10m_dominant%2Cuv_index_max&forecast_days=3&timezone=auto "HTTP/1.1 200 OK"
[2026-09-22T03:06:25.599+0000] {_client.py:1740} INFO - HTTP Request: GET https://air-quality-api.open-meteo.com/v1/air-quality?latitude=-2.173996226380074&longitude=113.8802702994111&hourly=us_aqi%2Cpm2_5%2Cpm10%2Cnitrogen_dioxide%2Ccarbon_monoxide%2Cdust%2Caerosol_optical_depth%2Cuv_index&past_days=1&forecast_days=1&timezone=auto "HTTP/1.1 200 OK"
[2026-09-22T03:06:26.560+0000] {_client.py:1740} INFO - HTTP Request: GET https://firms.modaps.eosdis.nasa.gov/api/area/csv/a00e0fd453cf11b44d6fe4f23d97f671/VIIRS_SNPP_NRT/113.396469,-2.17834,114.220848,-1.381221/2 "HTTP/1.1 200 OK"
[2026-09-22T03:06:27.440+0000] {load_kalimantan_postgres.py:60} INFO - Pipeline provinsi selesai: {'province_id': '62', 'weather': 14, 'hotspots': 2877, 'air_quality': 672, 'forecast': 42}
[2026-09-22T03:06:27.443+0000] {python.py:240} INFO - Done. Returned value was: {'province_id': '62', 'weather': 14, 'hotspots': 2877, 'air_quality': 672, 'forecast': 42}
[2026-09-22T03:06:27.483+0000] {taskinstance.py:341} INFO - ::group::Post task execution logs
[2026-09-22T03:06:27.483+0000] {taskinstance.py:353} INFO - Marking task as SUCCESS. dag_id=load_kalimantan_postgres, task_id=load_province_62, run_id=manual__2026-09-22T03:04:58.350491+00:00, execution_date=20260922T030458, start_date=20260922T030539, end_date=20260922T030627
[2026-09-22T03:06:27.544+0000] {local_task_job_runner.py:266} INFO - Task exited with return code 0
[2026-09-22T03:06:27.562+0000] {taskinstance.py:3901} INFO - 1 downstream tasks scheduled from follow-on schedule check
[2026-09-22T03:06:27.562+0000] {local_task_job_runner.py:245} INFO - ::endgroup::
