[2026-09-22T03:07:06.194+0000] {local_task_job_runner.py:123} INFO - ::group::Pre task execution logs
[2026-09-22T03:07:06.204+0000] {taskinstance.py:2614} INFO - Dependencies all met for dep_context=non-requeueable deps ti=<TaskInstance: load_kalimantan_postgres.load_province_64 manual__2026-09-22T03:04:58.350491+00:00 [queued]>
[2026-09-22T03:07:06.207+0000] {taskinstance.py:2614} INFO - Dependencies all met for dep_context=requeueable deps ti=<TaskInstance: load_kalimantan_postgres.load_province_64 manual__2026-09-22T03:04:58.350491+00:00 [queued]>
[2026-09-22T03:07:06.207+0000] {taskinstance.py:2867} INFO - Starting attempt 1 of 3
[2026-09-22T03:07:06.211+0000] {taskinstance.py:2890} INFO - Executing <Task(_PythonDecoratedOperator): load_province_64> on 2026-09-22 03:04:58.350491+00:00
[2026-09-22T03:07:06.213+0000] {standard_task_runner.py:72} INFO - Started process 576 to run task
[2026-09-22T03:07:06.215+0000] {standard_task_runner.py:104} INFO - Running: ['***', 'tasks', 'run', 'load_kalimantan_postgres', 'load_province_64', 'manual__2026-09-22T03:04:58.350491+00:00', '--job-id', '11', '--raw', '--subdir', 'DAGS_FOLDER/load_kalimantan_postgres.py', '--cfg-path', '/tmp/tmpew2n64d0']
[2026-09-22T03:07:06.216+0000] {standard_task_runner.py:105} INFO - Job 11: Subtask load_province_64
[2026-09-22T03:07:06.241+0000] {task_command.py:467} INFO - Running <TaskInstance: load_kalimantan_postgres.load_province_64 manual__2026-09-22T03:04:58.350491+00:00 [running]> on host 339bfe956b50
[2026-09-22T03:07:06.277+0000] {taskinstance.py:3134} INFO - Exporting env vars: AIRFLOW_CTX_DAG_OWNER='***' AIRFLOW_CTX_DAG_ID='load_kalimantan_postgres' AIRFLOW_CTX_TASK_ID='load_province_64' AIRFLOW_CTX_EXECUTION_DATE='2026-09-22T03:04:58.350491+00:00' AIRFLOW_CTX_TRY_NUMBER='1' AIRFLOW_CTX_DAG_RUN_ID='manual__2026-09-22T03:04:58.350491+00:00'
[2026-09-22T03:07:06.278+0000] {taskinstance.py:732} INFO - ::endgroup::
[2026-09-22T03:07:06.853+0000] {_client.py:1740} INFO - HTTP Request: GET https://www.emsifa.com/api-wilayah-indonesia/v2/provinces.json "HTTP/1.1 200 OK"
[2026-09-22T03:07:07.295+0000] {_client.py:1740} INFO - HTTP Request: GET https://www.emsifa.com/api-wilayah-indonesia/v2/regencies/64.json "HTTP/1.1 200 OK"
[2026-09-22T03:07:07.724+0000] {_client.py:1740} INFO - HTTP Request: GET https://www.emsifa.com/api-wilayah-indonesia/v2/regencies/64.01.json "HTTP/1.1 200 OK"
[2026-09-22T03:07:08.080+0000] {_client.py:1740} INFO - HTTP Request: GET https://www.emsifa.com/api-wilayah-indonesia/v2/provinces/64.json "HTTP/1.1 200 OK"
[2026-09-22T03:07:08.549+0000] {_client.py:1740} INFO - HTTP Request: GET https://www.emsifa.com/api-wilayah-indonesia/v2/paths/64.01.json "HTTP/1.1 200 OK"
[2026-09-22T03:07:08.958+0000] {_client.py:1740} INFO - HTTP Request: GET https://weather.visualcrossing.com/VisualCrossingWebServices/rest/services/timeline/-1.9104348021556423,116.19132949946525/2026-09-21/2026-09-21?unitGroup=metric&include=days&elements=datetime%2Ctemp%2Chumidity%2Cprecip%2Cwindspeed%2Cwinddir%2Cconditions&contentType=json&key=4YQR6MUMC3B7XPBT8GSBEG6XP "HTTP/1.1 200 "
[2026-09-22T03:07:08.967+0000] {_client.py:1740} INFO - HTTP Request: GET https://air-quality-api.open-meteo.com/v1/air-quality?latitude=-1.9104348021556423&longitude=116.19132949946525&hourly=us_aqi%2Cpm2_5%2Cpm10%2Cnitrogen_dioxide%2Ccarbon_monoxide%2Cdust%2Caerosol_optical_depth%2Cuv_index&past_days=1&forecast_days=1&timezone=auto "HTTP/1.1 200 OK"
[2026-09-22T03:07:09.015+0000] {_client.py:1740} INFO - HTTP Request: GET https://api.open-meteo.com/v1/forecast?latitude=-1.9104348021556423&longitude=116.19132949946525&daily=weather_code%2Ctemperature_2m_min%2Ctemperature_2m_max%2Ctemperature_2m_mean%2Crelative_humidity_2m_mean%2Cprecipitation_sum%2Cprecipitation_probability_max%2Cwind_speed_10m_max%2Cwind_direction_10m_dominant%2Cuv_index_max&forecast_days=3&timezone=auto "HTTP/1.1 200 OK"
[2026-09-22T03:07:10.332+0000] {_client.py:1740} INFO - HTTP Request: GET https://firms.modaps.eosdis.nasa.gov/api/area/csv/a00e0fd453cf11b44d6fe4f23d97f671/VIIRS_SNPP_NRT/115.53669,-2.542039,117.944801,-1.03778/2 "HTTP/1.1 200 OK"
[2026-09-22T03:07:11.303+0000] {_client.py:1740} INFO - HTTP Request: GET https://www.emsifa.com/api-wilayah-indonesia/v2/regencies/64.02.json "HTTP/1.1 200 OK"
[2026-09-22T03:07:11.718+0000] {_client.py:1740} INFO - HTTP Request: GET https://www.emsifa.com/api-wilayah-indonesia/v2/paths/64.02.json "HTTP/1.1 200 OK"
[2026-09-22T03:07:12.148+0000] {_client.py:1740} INFO - HTTP Request: GET https://air-quality-api.open-meteo.com/v1/air-quality?latitude=-0.4427799289927499&longitude=116.99867075751636&hourly=us_aqi%2Cpm2_5%2Cpm10%2Cnitrogen_dioxide%2Ccarbon_monoxide%2Cdust%2Caerosol_optical_depth%2Cuv_index&past_days=1&forecast_days=1&timezone=auto "HTTP/1.1 200 OK"
[2026-09-22T03:07:12.188+0000] {_client.py:1740} INFO - HTTP Request: GET https://weather.visualcrossing.com/VisualCrossingWebServices/rest/services/timeline/-0.4427799289927499,116.99867075751636/2026-09-21/2026-09-21?unitGroup=metric&include=days&elements=datetime%2Ctemp%2Chumidity%2Cprecip%2Cwindspeed%2Cwinddir%2Cconditions&contentType=json&key=4YQR6MUMC3B7XPBT8GSBEG6XP "HTTP/1.1 200 "
[2026-09-22T03:07:12.205+0000] {_client.py:1740} INFO - HTTP Request: GET https://api.open-meteo.com/v1/forecast?latitude=-0.4427799289927499&longitude=116.99867075751636&daily=weather_code%2Ctemperature_2m_min%2Ctemperature_2m_max%2Ctemperature_2m_mean%2Crelative_humidity_2m_mean%2Cprecipitation_sum%2Cprecipitation_probability_max%2Cwind_speed_10m_max%2Cwind_direction_10m_dominant%2Cuv_index_max&forecast_days=3&timezone=auto "HTTP/1.1 200 OK"
[2026-09-22T03:07:13.550+0000] {_client.py:1740} INFO - HTTP Request: GET https://firms.modaps.eosdis.nasa.gov/api/area/csv/a00e0fd453cf11b44d6fe4f23d97f671/VIIRS_SNPP_NRT/115.593269,-1.164211,117.628891,1.656151/2 "HTTP/1.1 200 OK"
[2026-09-22T03:07:14.349+0000] {_client.py:1740} INFO - HTTP Request: GET https://www.emsifa.com/api-wilayah-indonesia/v2/regencies/64.03.json "HTTP/1.1 200 OK"
[2026-09-22T03:07:14.774+0000] {_client.py:1740} INFO - HTTP Request: GET https://www.emsifa.com/api-wilayah-indonesia/v2/paths/64.03.json "HTTP/1.1 200 OK"
[2026-09-22T03:07:15.232+0000] {_client.py:1740} INFO - HTTP Request: GET https://air-quality-api.open-meteo.com/v1/air-quality?latitude=2.1500322293440193&longitude=117.50760061575453&hourly=us_aqi%2Cpm2_5%2Cpm10%2Cnitrogen_dioxide%2Ccarbon_monoxide%2Cdust%2Caerosol_optical_depth%2Cuv_index&past_days=1&forecast_days=1&timezone=auto "HTTP/1.1 200 OK"
[2026-09-22T03:07:15.267+0000] {_client.py:1740} INFO - HTTP Request: GET https://weather.visualcrossing.com/VisualCrossingWebServices/rest/services/timeline/2.1500322293440193,117.50760061575453/2026-09-21/2026-09-21?unitGroup=metric&include=days&elements=datetime%2Ctemp%2Chumidity%2Cprecip%2Cwindspeed%2Cwinddir%2Cconditions&contentType=json&key=4YQR6MUMC3B7XPBT8GSBEG6XP "HTTP/1.1 200 "
[2026-09-22T03:07:15.332+0000] {_client.py:1740} INFO - HTTP Request: GET https://api.open-meteo.com/v1/forecast?latitude=2.1500322293440193&longitude=117.50760061575453&daily=weather_code%2Ctemperature_2m_min%2Ctemperature_2m_max%2Ctemperature_2m_mean%2Crelative_humidity_2m_mean%2Cprecipitation_sum%2Cprecipitation_probability_max%2Cwind_speed_10m_max%2Cwind_direction_10m_dominant%2Cuv_index_max&forecast_days=3&timezone=auto "HTTP/1.1 200 OK"
[2026-09-22T03:07:16.281+0000] {_client.py:1740} INFO - HTTP Request: GET https://firms.modaps.eosdis.nasa.gov/api/area/csv/a00e0fd453cf11b44d6fe4f23d97f671/VIIRS_SNPP_NRT/116.176201,1.014511,118.998611,2.60199/2 "HTTP/1.1 200 OK"
[2026-09-22T03:07:17.037+0000] {_client.py:1740} INFO - HTTP Request: GET https://www.emsifa.com/api-wilayah-indonesia/v2/regencies/64.07.json "HTTP/1.1 200 OK"
[2026-09-22T03:07:17.455+0000] {_client.py:1740} INFO - HTTP Request: GET https://www.emsifa.com/api-wilayah-indonesia/v2/paths/64.07.json "HTTP/1.1 200 OK"
[2026-09-22T03:07:17.918+0000] {_client.py:1740} INFO - HTTP Request: GET https://air-quality-api.open-meteo.com/v1/air-quality?latitude=-0.2365477692797606&longitude=115.69643256908253&hourly=us_aqi%2Cpm2_5%2Cpm10%2Cnitrogen_dioxide%2Ccarbon_monoxide%2Cdust%2Caerosol_optical_depth%2Cuv_index&past_days=1&forecast_days=1&timezone=auto "HTTP/1.1 200 OK"
[2026-09-22T03:07:17.945+0000] {_client.py:1740} INFO - HTTP Request: GET https://weather.visualcrossing.com/VisualCrossingWebServices/rest/services/timeline/-0.2365477692797606,115.69643256908253/2026-09-21/2026-09-21?unitGroup=metric&include=days&elements=datetime%2Ctemp%2Chumidity%2Cprecip%2Cwindspeed%2Cwinddir%2Cconditions&contentType=json&key=4YQR6MUMC3B7XPBT8GSBEG6XP "HTTP/1.1 200 "
[2026-09-22T03:07:17.971+0000] {_client.py:1740} INFO - HTTP Request: GET https://api.open-meteo.com/v1/forecast?latitude=-0.2365477692797606&longitude=115.69643256908253&daily=weather_code%2Ctemperature_2m_min%2Ctemperature_2m_max%2Ctemperature_2m_mean%2Crelative_humidity_2m_mean%2Cprecipitation_sum%2Cprecipitation_probability_max%2Cwind_speed_10m_max%2Cwind_direction_10m_dominant%2Cuv_index_max&forecast_days=3&timezone=auto "HTTP/1.1 200 OK"
[2026-09-22T03:07:19.283+0000] {_client.py:1740} INFO - HTTP Request: GET https://firms.modaps.eosdis.nasa.gov/api/area/csv/a00e0fd453cf11b44d6fe4f23d97f671/VIIRS_SNPP_NRT/113.838081,-1.137429,116.54393,1.517201/2 "HTTP/1.1 200 OK"
[2026-09-22T03:07:20.200+0000] {_client.py:1740} INFO - HTTP Request: GET https://www.emsifa.com/api-wilayah-indonesia/v2/regencies/64.08.json "HTTP/1.1 200 OK"
[2026-09-22T03:07:20.614+0000] {_client.py:1740} INFO - HTTP Request: GET https://www.emsifa.com/api-wilayah-indonesia/v2/paths/64.08.json "HTTP/1.1 200 OK"
[2026-09-22T03:07:21.048+0000] {_client.py:1740} INFO - HTTP Request: GET https://api.open-meteo.com/v1/forecast?latitude=0.5256821109783744&longitude=117.60821781465334&daily=weather_code%2Ctemperature_2m_min%2Ctemperature_2m_max%2Ctemperature_2m_mean%2Crelative_humidity_2m_mean%2Cprecipitation_sum%2Cprecipitation_probability_max%2Cwind_speed_10m_max%2Cwind_direction_10m_dominant%2Cuv_index_max&forecast_days=3&timezone=auto "HTTP/1.1 200 OK"
[2026-09-22T03:07:21.060+0000] {_client.py:1740} INFO - HTTP Request: GET https://air-quality-api.open-meteo.com/v1/air-quality?latitude=0.5256821109783744&longitude=117.60821781465334&hourly=us_aqi%2Cpm2_5%2Cpm10%2Cnitrogen_dioxide%2Ccarbon_monoxide%2Cdust%2Caerosol_optical_depth%2Cuv_index&past_days=1&forecast_days=1&timezone=auto "HTTP/1.1 200 OK"
[2026-09-22T03:07:21.097+0000] {_client.py:1740} INFO - HTTP Request: GET https://weather.visualcrossing.com/VisualCrossingWebServices/rest/services/timeline/0.5256821109783744,117.60821781465334/2026-09-21/2026-09-21?unitGroup=metric&include=days&elements=datetime%2Ctemp%2Chumidity%2Cprecip%2Cwindspeed%2Cwinddir%2Cconditions&contentType=json&key=4YQR6MUMC3B7XPBT8GSBEG6XP "HTTP/1.1 200 "
[2026-09-22T03:07:22.096+0000] {_client.py:1740} INFO - HTTP Request: GET https://firms.modaps.eosdis.nasa.gov/api/area/csv/a00e0fd453cf11b44d6fe4f23d97f671/VIIRS_SNPP_NRT/116.06707,0.18153,118.987068,1.862971/2 "HTTP/1.1 200 OK"
[2026-09-22T03:07:23.156+0000] {_client.py:1740} INFO - HTTP Request: GET https://www.emsifa.com/api-wilayah-indonesia/v2/regencies/64.09.json "HTTP/1.1 200 OK"
[2026-09-22T03:07:23.612+0000] {_client.py:1740} INFO - HTTP Request: GET https://www.emsifa.com/api-wilayah-indonesia/v2/paths/64.09.json "HTTP/1.1 200 OK"
[2026-09-22T03:07:24.104+0000] {_client.py:1740} INFO - HTTP Request: GET https://weather.visualcrossing.com/VisualCrossingWebServices/rest/services/timeline/-1.308203498951236,116.72690384014312/2026-09-21/2026-09-21?unitGroup=metric&include=days&elements=datetime%2Ctemp%2Chumidity%2Cprecip%2Cwindspeed%2Cwinddir%2Cconditions&contentType=json&key=4YQR6MUMC3B7XPBT8GSBEG6XP "HTTP/1.1 200 "
[2026-09-22T03:07:24.129+0000] {_client.py:1740} INFO - HTTP Request: GET https://air-quality-api.open-meteo.com/v1/air-quality?latitude=-1.308203498951236&longitude=116.72690384014312&hourly=us_aqi%2Cpm2_5%2Cpm10%2Cnitrogen_dioxide%2Ccarbon_monoxide%2Cdust%2Caerosol_optical_depth%2Cuv_index&past_days=1&forecast_days=1&timezone=auto "HTTP/1.1 200 OK"
[2026-09-22T03:07:24.132+0000] {_client.py:1740} INFO - HTTP Request: GET https://api.open-meteo.com/v1/forecast?latitude=-1.308203498951236&longitude=116.72690384014312&daily=weather_code%2Ctemperature_2m_min%2Ctemperature_2m_max%2Ctemperature_2m_mean%2Crelative_humidity_2m_mean%2Cprecipitation_sum%2Cprecipitation_probability_max%2Cwind_speed_10m_max%2Cwind_direction_10m_dominant%2Cuv_index_max&forecast_days=3&timezone=auto "HTTP/1.1 200 OK"
[2026-09-22T03:07:25.133+0000] {_client.py:1740} INFO - HTTP Request: GET https://firms.modaps.eosdis.nasa.gov/api/area/csv/a00e0fd453cf11b44d6fe4f23d97f671/VIIRS_SNPP_NRT/116.302223,-1.614627,116.921417,-0.82782/2 "HTTP/1.1 200 OK"
[2026-09-22T03:07:25.834+0000] {_client.py:1740} INFO - HTTP Request: GET https://www.emsifa.com/api-wilayah-indonesia/v2/regencies/64.11.json "HTTP/1.1 200 OK"
[2026-09-22T03:07:26.288+0000] {_client.py:1740} INFO - HTTP Request: GET https://www.emsifa.com/api-wilayah-indonesia/v2/paths/64.11.json "HTTP/1.1 200 OK"
[2026-09-22T03:07:26.744+0000] {_client.py:1740} INFO - HTTP Request: GET https://api.open-meteo.com/v1/forecast?latitude=0.5056814783065791&longitude=115.27080682675607&daily=weather_code%2Ctemperature_2m_min%2Ctemperature_2m_max%2Ctemperature_2m_mean%2Crelative_humidity_2m_mean%2Cprecipitation_sum%2Cprecipitation_probability_max%2Cwind_speed_10m_max%2Cwind_direction_10m_dominant%2Cuv_index_max&forecast_days=3&timezone=auto "HTTP/1.1 200 OK"
[2026-09-22T03:07:26.748+0000] {_client.py:1740} INFO - HTTP Request: GET https://weather.visualcrossing.com/VisualCrossingWebServices/rest/services/timeline/0.5056814783065791,115.27080682675607/2026-09-21/2026-09-21?unitGroup=metric&include=days&elements=datetime%2Ctemp%2Chumidity%2Cprecip%2Cwindspeed%2Cwinddir%2Cconditions&contentType=json&key=4YQR6MUMC3B7XPBT8GSBEG6XP "HTTP/1.1 200 "
[2026-09-22T03:07:26.763+0000] {_client.py:1740} INFO - HTTP Request: GET https://air-quality-api.open-meteo.com/v1/air-quality?latitude=0.5056814783065791&longitude=115.27080682675607&hourly=us_aqi%2Cpm2_5%2Cpm10%2Cnitrogen_dioxide%2Ccarbon_monoxide%2Cdust%2Caerosol_optical_depth%2Cuv_index&past_days=1&forecast_days=1&timezone=auto "HTTP/1.1 200 OK"
[2026-09-22T03:07:28.083+0000] {_client.py:1740} INFO - HTTP Request: GET https://firms.modaps.eosdis.nasa.gov/api/area/csv/a00e0fd453cf11b44d6fe4f23d97f671/VIIRS_SNPP_NRT/113.836655,-0.191599,115.820515,1.51286/2 "HTTP/1.1 200 OK"
[2026-09-22T03:07:29.134+0000] {_client.py:1740} INFO - HTTP Request: GET https://www.emsifa.com/api-wilayah-indonesia/v2/regencies/64.71.json "HTTP/1.1 200 OK"
[2026-09-22T03:07:29.573+0000] {_client.py:1740} INFO - HTTP Request: GET https://www.emsifa.com/api-wilayah-indonesia/v2/paths/64.71.json "HTTP/1.1 200 OK"
[2026-09-22T03:07:30.012+0000] {_client.py:1740} INFO - HTTP Request: GET https://weather.visualcrossing.com/VisualCrossingWebServices/rest/services/timeline/-1.276337448127985,116.82776028626806/2026-09-21/2026-09-21?unitGroup=metric&include=days&elements=datetime%2Ctemp%2Chumidity%2Cprecip%2Cwindspeed%2Cwinddir%2Cconditions&contentType=json&key=4YQR6MUMC3B7XPBT8GSBEG6XP "HTTP/1.1 200 "
[2026-09-22T03:07:30.058+0000] {_client.py:1740} INFO - HTTP Request: GET https://air-quality-api.open-meteo.com/v1/air-quality?latitude=-1.276337448127985&longitude=116.82776028626806&hourly=us_aqi%2Cpm2_5%2Cpm10%2Cnitrogen_dioxide%2Ccarbon_monoxide%2Cdust%2Caerosol_optical_depth%2Cuv_index&past_days=1&forecast_days=1&timezone=auto "HTTP/1.1 200 OK"
[2026-09-22T03:07:30.101+0000] {_client.py:1740} INFO - HTTP Request: GET https://api.open-meteo.com/v1/forecast?latitude=-1.276337448127985&longitude=116.82776028626806&daily=weather_code%2Ctemperature_2m_min%2Ctemperature_2m_max%2Ctemperature_2m_mean%2Crelative_humidity_2m_mean%2Cprecipitation_sum%2Cprecipitation_probability_max%2Cwind_speed_10m_max%2Cwind_direction_10m_dominant%2Cuv_index_max&forecast_days=3&timezone=auto "HTTP/1.1 200 OK"
[2026-09-22T03:07:31.028+0000] {_client.py:1740} INFO - HTTP Request: GET https://firms.modaps.eosdis.nasa.gov/api/area/csv/a00e0fd453cf11b44d6fe4f23d97f671/VIIRS_SNPP_NRT/116.752983,-1.282268,117.017776,-1.040021/2 "HTTP/1.1 200 OK"
[2026-09-22T03:07:31.682+0000] {_client.py:1740} INFO - HTTP Request: GET https://www.emsifa.com/api-wilayah-indonesia/v2/regencies/64.72.json "HTTP/1.1 200 OK"
[2026-09-22T03:07:32.108+0000] {_client.py:1740} INFO - HTTP Request: GET https://www.emsifa.com/api-wilayah-indonesia/v2/paths/64.72.json "HTTP/1.1 200 OK"
[2026-09-22T03:07:32.566+0000] {_client.py:1740} INFO - HTTP Request: GET https://weather.visualcrossing.com/VisualCrossingWebServices/rest/services/timeline/-0.491364825551253,117.14598009498553/2026-09-21/2026-09-21?unitGroup=metric&include=days&elements=datetime%2Ctemp%2Chumidity%2Cprecip%2Cwindspeed%2Cwinddir%2Cconditions&contentType=json&key=4YQR6MUMC3B7XPBT8GSBEG6XP "HTTP/1.1 200 "
[2026-09-22T03:07:32.612+0000] {_client.py:1740} INFO - HTTP Request: GET https://air-quality-api.open-meteo.com/v1/air-quality?latitude=-0.491364825551253&longitude=117.14598009498553&hourly=us_aqi%2Cpm2_5%2Cpm10%2Cnitrogen_dioxide%2Ccarbon_monoxide%2Cdust%2Caerosol_optical_depth%2Cuv_index&past_days=1&forecast_days=1&timezone=auto "HTTP/1.1 200 OK"
[2026-09-22T03:07:32.646+0000] {_client.py:1740} INFO - HTTP Request: GET https://api.open-meteo.com/v1/forecast?latitude=-0.491364825551253&longitude=117.14598009498553&daily=weather_code%2Ctemperature_2m_min%2Ctemperature_2m_max%2Ctemperature_2m_mean%2Crelative_humidity_2m_mean%2Cprecipitation_sum%2Cprecipitation_probability_max%2Cwind_speed_10m_max%2Cwind_direction_10m_dominant%2Cuv_index_max&forecast_days=3&timezone=auto "HTTP/1.1 200 OK"
[2026-09-22T03:07:33.598+0000] {_client.py:1740} INFO - HTTP Request: GET https://firms.modaps.eosdis.nasa.gov/api/area/csv/a00e0fd453cf11b44d6fe4f23d97f671/VIIRS_SNPP_NRT/117.005653,-0.556479,117.342987,-0.30388/2 "HTTP/1.1 200 OK"
[2026-09-22T03:07:34.315+0000] {_client.py:1740} INFO - HTTP Request: GET https://www.emsifa.com/api-wilayah-indonesia/v2/regencies/64.74.json "HTTP/1.1 200 OK"
[2026-09-22T03:07:34.742+0000] {_client.py:1740} INFO - HTTP Request: GET https://www.emsifa.com/api-wilayah-indonesia/v2/paths/64.74.json "HTTP/1.1 200 OK"
[2026-09-22T03:07:35.197+0000] {_client.py:1740} INFO - HTTP Request: GET https://air-quality-api.open-meteo.com/v1/air-quality?latitude=0.06954899217650308&longitude=117.44419874425222&hourly=us_aqi%2Cpm2_5%2Cpm10%2Cnitrogen_dioxide%2Ccarbon_monoxide%2Cdust%2Caerosol_optical_depth%2Cuv_index&past_days=1&forecast_days=1&timezone=auto "HTTP/1.1 200 OK"
[2026-09-22T03:07:35.233+0000] {_client.py:1740} INFO - HTTP Request: GET https://api.open-meteo.com/v1/forecast?latitude=0.06954899217650308&longitude=117.44419874425222&daily=weather_code%2Ctemperature_2m_min%2Ctemperature_2m_max%2Ctemperature_2m_mean%2Crelative_humidity_2m_mean%2Cprecipitation_sum%2Cprecipitation_probability_max%2Cwind_speed_10m_max%2Cwind_direction_10m_dominant%2Cuv_index_max&forecast_days=3&timezone=auto "HTTP/1.1 200 OK"
[2026-09-22T03:07:35.237+0000] {_client.py:1740} INFO - HTTP Request: GET https://weather.visualcrossing.com/VisualCrossingWebServices/rest/services/timeline/0.06954899217650308,117.44419874425222/2026-09-21/2026-09-21?unitGroup=metric&include=days&elements=datetime%2Ctemp%2Chumidity%2Cprecip%2Cwindspeed%2Cwinddir%2Cconditions&contentType=json&key=4YQR6MUMC3B7XPBT8GSBEG6XP "HTTP/1.1 200 "
[2026-09-22T03:07:36.196+0000] {_client.py:1740} INFO - HTTP Request: GET https://firms.modaps.eosdis.nasa.gov/api/area/csv/a00e0fd453cf11b44d6fe4f23d97f671/VIIRS_SNPP_NRT/117.133362,-0.00091,117.565277,0.420541/2 "HTTP/1.1 200 OK"
[2026-09-22T03:07:36.624+0000] {load_kalimantan_postgres.py:60} INFO - Pipeline provinsi selesai: {'province_id': '64', 'weather': 10, 'hotspots': 722, 'air_quality': 480, 'forecast': 30}
[2026-09-22T03:07:36.625+0000] {python.py:240} INFO - Done. Returned value was: {'province_id': '64', 'weather': 10, 'hotspots': 722, 'air_quality': 480, 'forecast': 30}
[2026-09-22T03:07:36.677+0000] {taskinstance.py:341} INFO - ::group::Post task execution logs
[2026-09-22T03:07:36.677+0000] {taskinstance.py:353} INFO - Marking task as SUCCESS. dag_id=load_kalimantan_postgres, task_id=load_province_64, run_id=manual__2026-09-22T03:04:58.350491+00:00, execution_date=20260922T030458, start_date=20260922T030706, end_date=20260922T030736
[2026-09-22T03:07:36.704+0000] {local_task_job_runner.py:266} INFO - Task exited with return code 0
[2026-09-22T03:07:36.720+0000] {taskinstance.py:3901} INFO - 1 downstream tasks scheduled from follow-on schedule check
[2026-09-22T03:07:36.721+0000] {local_task_job_runner.py:245} INFO - ::endgroup::
