[2026-09-22T02:55:39.389+0000] {local_task_job_runner.py:123} INFO - ::group::Pre task execution logs
[2026-09-22T02:55:39.400+0000] {taskinstance.py:2614} INFO - Dependencies all met for dep_context=non-requeueable deps ti=<TaskInstance: load_kalimantan_postgres.load_province_63 manual__2026-09-22T02:38:12.996896+00:00 [queued]>
[2026-09-22T02:55:39.404+0000] {taskinstance.py:2614} INFO - Dependencies all met for dep_context=requeueable deps ti=<TaskInstance: load_kalimantan_postgres.load_province_63 manual__2026-09-22T02:38:12.996896+00:00 [queued]>
[2026-09-22T02:55:39.404+0000] {taskinstance.py:2867} INFO - Starting attempt 2 of 3
[2026-09-22T02:55:39.408+0000] {taskinstance.py:2890} INFO - Executing <Task(_PythonDecoratedOperator): load_province_63> on 2026-09-22 02:38:12.996896+00:00
[2026-09-22T02:55:39.414+0000] {standard_task_runner.py:72} INFO - Started process 399 to run task
[2026-09-22T02:55:39.416+0000] {standard_task_runner.py:104} INFO - Running: ['***', 'tasks', 'run', 'load_kalimantan_postgres', 'load_province_63', 'manual__2026-09-22T02:38:12.996896+00:00', '--job-id', '5', '--raw', '--subdir', 'DAGS_FOLDER/load_kalimantan_postgres.py', '--cfg-path', '/tmp/tmptebnzom_']
[2026-09-22T02:55:39.418+0000] {standard_task_runner.py:105} INFO - Job 5: Subtask load_province_63
[2026-09-22T02:55:39.455+0000] {task_command.py:467} INFO - Running <TaskInstance: load_kalimantan_postgres.load_province_63 manual__2026-09-22T02:38:12.996896+00:00 [running]> on host 339bfe956b50
[2026-09-22T02:55:39.503+0000] {taskinstance.py:3134} INFO - Exporting env vars: AIRFLOW_CTX_DAG_OWNER='***' AIRFLOW_CTX_DAG_ID='load_kalimantan_postgres' AIRFLOW_CTX_TASK_ID='load_province_63' AIRFLOW_CTX_EXECUTION_DATE='2026-09-22T02:38:12.996896+00:00' AIRFLOW_CTX_TRY_NUMBER='2' AIRFLOW_CTX_DAG_RUN_ID='manual__2026-09-22T02:38:12.996896+00:00'
[2026-09-22T02:55:39.504+0000] {taskinstance.py:732} INFO - ::endgroup::
[2026-09-22T02:55:40.052+0000] {_client.py:1740} INFO - HTTP Request: GET https://www.emsifa.com/api-wilayah-indonesia/v2/provinces.json "HTTP/1.1 200 OK"
[2026-09-22T02:55:40.565+0000] {_client.py:1740} INFO - HTTP Request: GET https://www.emsifa.com/api-wilayah-indonesia/v2/regencies/63.json "HTTP/1.1 200 OK"
[2026-09-22T02:55:41.226+0000] {_client.py:1740} INFO - HTTP Request: GET https://www.emsifa.com/api-wilayah-indonesia/v2/regencies/63.01.json "HTTP/1.1 200 OK"
[2026-09-22T02:55:42.048+0000] {_client.py:1740} INFO - HTTP Request: GET https://www.emsifa.com/api-wilayah-indonesia/v2/provinces/63.json "HTTP/1.1 200 OK"
[2026-09-22T02:55:42.556+0000] {_client.py:1740} INFO - HTTP Request: GET https://www.emsifa.com/api-wilayah-indonesia/v2/paths/63.01.json "HTTP/1.1 200 OK"
[2026-09-22T02:55:42.972+0000] {_client.py:1740} INFO - HTTP Request: GET https://weather.visualcrossing.com/VisualCrossingWebServices/rest/services/timeline/-3.799466847049419,114.78255114131447/2026-09-21/2026-09-21?unitGroup=metric&include=days&elements=datetime%2Ctemp%2Chumidity%2Cprecip%2Cwindspeed%2Cwinddir%2Cconditions&contentType=json&key=4YQR6MUMC3B7XPBT8GSBEG6XP "HTTP/1.1 200 "
[2026-09-22T02:55:43.011+0000] {_client.py:1740} INFO - HTTP Request: GET https://api.open-meteo.com/v1/forecast?latitude=-3.799466847049419&longitude=114.78255114131447&daily=weather_code%2Ctemperature_2m_min%2Ctemperature_2m_max%2Ctemperature_2m_mean%2Crelative_humidity_2m_mean%2Cprecipitation_sum%2Cprecipitation_probability_max%2Cwind_speed_10m_max%2Cwind_direction_10m_dominant%2Cuv_index_max&forecast_days=3&timezone=auto "HTTP/1.1 200 OK"
[2026-09-22T02:55:43.085+0000] {_client.py:1740} INFO - HTTP Request: GET https://air-quality-api.open-meteo.com/v1/air-quality?latitude=-3.799466847049419&longitude=114.78255114131447&hourly=us_aqi%2Cpm2_5%2Cpm10%2Cnitrogen_dioxide%2Ccarbon_monoxide%2Cdust%2Caerosol_optical_depth%2Cuv_index&past_days=1&forecast_days=1&timezone=auto "HTTP/1.1 200 OK"
[2026-09-22T02:55:44.095+0000] {_client.py:1740} INFO - HTTP Request: GET https://firms.modaps.eosdis.nasa.gov/api/area/csv/a00e0fd453cf11b44d6fe4f23d97f671/VIIRS_SNPP_NRT/114.512779,-4.178217,115.380913,-3.50664/2 "HTTP/1.1 200 OK"
[2026-09-22T02:55:47.094+0000] {_client.py:1740} INFO - HTTP Request: GET https://www.emsifa.com/api-wilayah-indonesia/v2/regencies/63.02.json "HTTP/1.1 200 OK"
[2026-09-22T02:55:47.594+0000] {_client.py:1740} INFO - HTTP Request: GET https://www.emsifa.com/api-wilayah-indonesia/v2/paths/63.02.json "HTTP/1.1 200 OK"
[2026-09-22T02:55:47.975+0000] {_client.py:1740} INFO - HTTP Request: GET https://weather.visualcrossing.com/VisualCrossingWebServices/rest/services/timeline/-3.2362388666435793,116.22797534143119/2026-09-21/2026-09-21?unitGroup=metric&include=days&elements=datetime%2Ctemp%2Chumidity%2Cprecip%2Cwindspeed%2Cwinddir%2Cconditions&contentType=json&key=4YQR6MUMC3B7XPBT8GSBEG6XP "HTTP/1.1 200 "
[2026-09-22T02:55:48.021+0000] {_client.py:1740} INFO - HTTP Request: GET https://air-quality-api.open-meteo.com/v1/air-quality?latitude=-3.2362388666435793&longitude=116.22797534143119&hourly=us_aqi%2Cpm2_5%2Cpm10%2Cnitrogen_dioxide%2Ccarbon_monoxide%2Cdust%2Caerosol_optical_depth%2Cuv_index&past_days=1&forecast_days=1&timezone=auto "HTTP/1.1 200 OK"
[2026-09-22T02:55:48.034+0000] {_client.py:1740} INFO - HTTP Request: GET https://api.open-meteo.com/v1/forecast?latitude=-3.2362388666435793&longitude=116.22797534143119&daily=weather_code%2Ctemperature_2m_min%2Ctemperature_2m_max%2Ctemperature_2m_mean%2Crelative_humidity_2m_mean%2Cprecipitation_sum%2Cprecipitation_probability_max%2Cwind_speed_10m_max%2Cwind_direction_10m_dominant%2Cuv_index_max&forecast_days=3&timezone=auto "HTTP/1.1 200 OK"
[2026-09-22T02:55:49.057+0000] {_client.py:1740} INFO - HTTP Request: GET https://firms.modaps.eosdis.nasa.gov/api/area/csv/a00e0fd453cf11b44d6fe4f23d97f671/VIIRS_SNPP_NRT/115.571609,-5.102222,117.076385,-2.292349/2 "HTTP/1.1 200 OK"
[2026-09-22T02:55:49.894+0000] {_client.py:1740} INFO - HTTP Request: GET https://www.emsifa.com/api-wilayah-indonesia/v2/regencies/63.03.json "HTTP/1.1 200 OK"
[2026-09-22T02:55:50.422+0000] {_client.py:1740} INFO - HTTP Request: GET https://www.emsifa.com/api-wilayah-indonesia/v2/paths/63.03.json "HTTP/1.1 200 OK"
[2026-09-22T02:55:50.743+0000] {_client.py:1740} INFO - HTTP Request: GET https://air-quality-api.open-meteo.com/v1/air-quality?latitude=-3.408734828681626&longitude=114.84815554140891&hourly=us_aqi%2Cpm2_5%2Cpm10%2Cnitrogen_dioxide%2Ccarbon_monoxide%2Cdust%2Caerosol_optical_depth%2Cuv_index&past_days=1&forecast_days=1&timezone=auto "HTTP/1.1 200 OK"
[2026-09-22T02:55:50.773+0000] {_client.py:1740} INFO - HTTP Request: GET https://weather.visualcrossing.com/VisualCrossingWebServices/rest/services/timeline/-3.408734828681626,114.84815554140891/2026-09-21/2026-09-21?unitGroup=metric&include=days&elements=datetime%2Ctemp%2Chumidity%2Cprecip%2Cwindspeed%2Cwinddir%2Cconditions&contentType=json&key=4YQR6MUMC3B7XPBT8GSBEG6XP "HTTP/1.1 200 "
[2026-09-22T02:55:50.796+0000] {_client.py:1740} INFO - HTTP Request: GET https://api.open-meteo.com/v1/forecast?latitude=-3.408734828681626&longitude=114.84815554140891&daily=weather_code%2Ctemperature_2m_min%2Ctemperature_2m_max%2Ctemperature_2m_mean%2Crelative_humidity_2m_mean%2Cprecipitation_sum%2Cprecipitation_probability_max%2Cwind_speed_10m_max%2Cwind_direction_10m_dominant%2Cuv_index_max&forecast_days=3&timezone=auto "HTTP/1.1 200 OK"
[2026-09-22T02:55:52.255+0000] {_client.py:1740} INFO - HTTP Request: GET https://firms.modaps.eosdis.nasa.gov/api/area/csv/a00e0fd453cf11b44d6fe4f23d97f671/VIIRS_SNPP_NRT/114.501358,-3.735889,115.609871,-2.82478/2 "HTTP/1.1 200 OK"
[2026-09-22T02:55:53.098+0000] {_client.py:1740} INFO - HTTP Request: GET https://www.emsifa.com/api-wilayah-indonesia/v2/regencies/63.04.json "HTTP/1.1 200 OK"
[2026-09-22T02:55:53.699+0000] {_client.py:1740} INFO - HTTP Request: GET https://www.emsifa.com/api-wilayah-indonesia/v2/paths/63.04.json "HTTP/1.1 200 OK"
[2026-09-22T02:55:53.980+0000] {_client.py:1740} INFO - HTTP Request: GET https://weather.visualcrossing.com/VisualCrossingWebServices/rest/services/timeline/-2.9783388223443703,114.76579532814996/2026-09-21/2026-09-21?unitGroup=metric&include=days&elements=datetime%2Ctemp%2Chumidity%2Cprecip%2Cwindspeed%2Cwinddir%2Cconditions&contentType=json&key=4YQR6MUMC3B7XPBT8GSBEG6XP "HTTP/1.1 200 "
[2026-09-22T02:55:53.985+0000] {_client.py:1740} INFO - HTTP Request: GET https://air-quality-api.open-meteo.com/v1/air-quality?latitude=-2.9783388223443703&longitude=114.76579532814996&hourly=us_aqi%2Cpm2_5%2Cpm10%2Cnitrogen_dioxide%2Ccarbon_monoxide%2Cdust%2Caerosol_optical_depth%2Cuv_index&past_days=1&forecast_days=1&timezone=auto "HTTP/1.1 200 OK"
[2026-09-22T02:55:53.992+0000] {_client.py:1740} INFO - HTTP Request: GET https://api.open-meteo.com/v1/forecast?latitude=-2.9783388223443703&longitude=114.76579532814996&daily=weather_code%2Ctemperature_2m_min%2Ctemperature_2m_max%2Ctemperature_2m_mean%2Crelative_humidity_2m_mean%2Cprecipitation_sum%2Cprecipitation_probability_max%2Cwind_speed_10m_max%2Cwind_direction_10m_dominant%2Cuv_index_max&forecast_days=3&timezone=auto "HTTP/1.1 200 OK"
[2026-09-22T02:55:55.564+0000] {_client.py:1740} INFO - HTTP Request: GET https://firms.modaps.eosdis.nasa.gov/api/area/csv/a00e0fd453cf11b44d6fe4f23d97f671/VIIRS_SNPP_NRT/114.351532,-3.503557,114.866737,-2.521539/2 "HTTP/1.1 200 OK"
[2026-09-22T02:55:56.582+0000] {_client.py:1740} INFO - HTTP Request: GET https://www.emsifa.com/api-wilayah-indonesia/v2/regencies/63.05.json "HTTP/1.1 200 OK"
[2026-09-22T02:55:57.100+0000] {_client.py:1740} INFO - HTTP Request: GET https://www.emsifa.com/api-wilayah-indonesia/v2/paths/63.05.json "HTTP/1.1 200 OK"
[2026-09-22T02:55:57.441+0000] {_client.py:1740} INFO - HTTP Request: GET https://api.open-meteo.com/v1/forecast?latitude=-2.932105977155375&longitude=115.16329842419783&daily=weather_code%2Ctemperature_2m_min%2Ctemperature_2m_max%2Ctemperature_2m_mean%2Crelative_humidity_2m_mean%2Cprecipitation_sum%2Cprecipitation_probability_max%2Cwind_speed_10m_max%2Cwind_direction_10m_dominant%2Cuv_index_max&forecast_days=3&timezone=auto "HTTP/1.1 200 OK"
[2026-09-22T02:55:57.492+0000] {_client.py:1740} INFO - HTTP Request: GET https://weather.visualcrossing.com/VisualCrossingWebServices/rest/services/timeline/-2.932105977155375,115.16329842419783/2026-09-21/2026-09-21?unitGroup=metric&include=days&elements=datetime%2Ctemp%2Chumidity%2Cprecip%2Cwindspeed%2Cwinddir%2Cconditions&contentType=json&key=4YQR6MUMC3B7XPBT8GSBEG6XP "HTTP/1.1 200 "
[2026-09-22T02:55:57.507+0000] {_client.py:1740} INFO - HTTP Request: GET https://air-quality-api.open-meteo.com/v1/air-quality?latitude=-2.932105977155375&longitude=115.16329842419783&hourly=us_aqi%2Cpm2_5%2Cpm10%2Cnitrogen_dioxide%2Ccarbon_monoxide%2Cdust%2Caerosol_optical_depth%2Cuv_index&past_days=1&forecast_days=1&timezone=auto "HTTP/1.1 200 OK"
[2026-09-22T02:55:58.543+0000] {_client.py:1740} INFO - HTTP Request: GET https://firms.modaps.eosdis.nasa.gov/api/area/csv/a00e0fd453cf11b44d6fe4f23d97f671/VIIRS_SNPP_NRT/114.795433,-3.176959,115.53125,-2.524119/2 "HTTP/1.1 200 OK"
[2026-09-22T02:55:59.465+0000] {_client.py:1740} INFO - HTTP Request: GET https://www.emsifa.com/api-wilayah-indonesia/v2/regencies/63.06.json "HTTP/1.1 200 OK"
[2026-09-22T02:55:59.951+0000] {_client.py:1740} INFO - HTTP Request: GET https://www.emsifa.com/api-wilayah-indonesia/v2/paths/63.06.json "HTTP/1.1 200 OK"
[2026-09-22T02:56:00.292+0000] {_client.py:1740} INFO - HTTP Request: GET https://api.open-meteo.com/v1/forecast?latitude=-2.786510324118423&longitude=115.26594525712335&daily=weather_code%2Ctemperature_2m_min%2Ctemperature_2m_max%2Ctemperature_2m_mean%2Crelative_humidity_2m_mean%2Cprecipitation_sum%2Cprecipitation_probability_max%2Cwind_speed_10m_max%2Cwind_direction_10m_dominant%2Cuv_index_max&forecast_days=3&timezone=auto "HTTP/1.1 200 OK"
[2026-09-22T02:56:00.335+0000] {_client.py:1740} INFO - HTTP Request: GET https://weather.visualcrossing.com/VisualCrossingWebServices/rest/services/timeline/-2.786510324118423,115.26594525712335/2026-09-21/2026-09-21?unitGroup=metric&include=days&elements=datetime%2Ctemp%2Chumidity%2Cprecip%2Cwindspeed%2Cwinddir%2Cconditions&contentType=json&key=4YQR6MUMC3B7XPBT8GSBEG6XP "HTTP/1.1 200 "
[2026-09-22T02:56:00.391+0000] {_client.py:1740} INFO - HTTP Request: GET https://air-quality-api.open-meteo.com/v1/air-quality?latitude=-2.786510324118423&longitude=115.26594525712335&hourly=us_aqi%2Cpm2_5%2Cpm10%2Cnitrogen_dioxide%2Ccarbon_monoxide%2Cdust%2Caerosol_optical_depth%2Cuv_index&past_days=1&forecast_days=1&timezone=auto "HTTP/1.1 200 OK"
[2026-09-22T02:56:01.396+0000] {_client.py:1740} INFO - HTTP Request: GET https://firms.modaps.eosdis.nasa.gov/api/area/csv/a00e0fd453cf11b44d6fe4f23d97f671/VIIRS_SNPP_NRT/114.865021,-2.92513,115.598976,-2.48812/2 "HTTP/1.1 200 OK"
[2026-09-22T02:56:02.537+0000] {_client.py:1740} INFO - HTTP Request: GET https://www.emsifa.com/api-wilayah-indonesia/v2/regencies/63.07.json "HTTP/1.1 200 OK"
[2026-09-22T02:56:03.059+0000] {_client.py:1740} INFO - HTTP Request: GET https://www.emsifa.com/api-wilayah-indonesia/v2/paths/63.07.json "HTTP/1.1 200 OK"
[2026-09-22T02:56:03.418+0000] {_client.py:1740} INFO - HTTP Request: GET https://air-quality-api.open-meteo.com/v1/air-quality?latitude=-2.584768110610726&longitude=115.38453172508864&hourly=us_aqi%2Cpm2_5%2Cpm10%2Cnitrogen_dioxide%2Ccarbon_monoxide%2Cdust%2Caerosol_optical_depth%2Cuv_index&past_days=1&forecast_days=1&timezone=auto "HTTP/1.1 200 OK"
[2026-09-22T02:56:03.439+0000] {_client.py:1740} INFO - HTTP Request: GET https://weather.visualcrossing.com/VisualCrossingWebServices/rest/services/timeline/-2.584768110610726,115.38453172508864/2026-09-21/2026-09-21?unitGroup=metric&include=days&elements=datetime%2Ctemp%2Chumidity%2Cprecip%2Cwindspeed%2Cwinddir%2Cconditions&contentType=json&key=4YQR6MUMC3B7XPBT8GSBEG6XP "HTTP/1.1 200 "
[2026-09-22T02:56:03.487+0000] {_client.py:1740} INFO - HTTP Request: GET https://api.open-meteo.com/v1/forecast?latitude=-2.584768110610726&longitude=115.38453172508864&daily=weather_code%2Ctemperature_2m_min%2Ctemperature_2m_max%2Ctemperature_2m_mean%2Crelative_humidity_2m_mean%2Cprecipitation_sum%2Cprecipitation_probability_max%2Cwind_speed_10m_max%2Cwind_direction_10m_dominant%2Cuv_index_max&forecast_days=3&timezone=auto "HTTP/1.1 200 OK"
[2026-09-22T02:56:04.492+0000] {_client.py:1740} INFO - HTTP Request: GET https://firms.modaps.eosdis.nasa.gov/api/area/csv/a00e0fd453cf11b44d6fe4f23d97f671/VIIRS_SNPP_NRT/115.154373,-2.79973,115.688492,-2.462671/2 "HTTP/1.1 200 OK"
[2026-09-22T02:56:05.226+0000] {_client.py:1740} INFO - HTTP Request: GET https://www.emsifa.com/api-wilayah-indonesia/v2/regencies/63.08.json "HTTP/1.1 200 OK"
[2026-09-22T02:56:05.746+0000] {_client.py:1740} INFO - HTTP Request: GET https://www.emsifa.com/api-wilayah-indonesia/v2/paths/63.08.json "HTTP/1.1 200 OK"
[2026-09-22T02:56:06.072+0000] {_client.py:1740} INFO - HTTP Request: GET https://api.open-meteo.com/v1/forecast?latitude=-2.4188734176622435&longitude=115.254335243741&daily=weather_code%2Ctemperature_2m_min%2Ctemperature_2m_max%2Ctemperature_2m_mean%2Crelative_humidity_2m_mean%2Cprecipitation_sum%2Cprecipitation_probability_max%2Cwind_speed_10m_max%2Cwind_direction_10m_dominant%2Cuv_index_max&forecast_days=3&timezone=auto "HTTP/1.1 200 OK"
[2026-09-22T02:56:06.088+0000] {_client.py:1740} INFO - HTTP Request: GET https://air-quality-api.open-meteo.com/v1/air-quality?latitude=-2.4188734176622435&longitude=115.254335243741&hourly=us_aqi%2Cpm2_5%2Cpm10%2Cnitrogen_dioxide%2Ccarbon_monoxide%2Cdust%2Caerosol_optical_depth%2Cuv_index&past_days=1&forecast_days=1&timezone=auto "HTTP/1.1 200 OK"
[2026-09-22T02:56:06.110+0000] {_client.py:1740} INFO - HTTP Request: GET https://weather.visualcrossing.com/VisualCrossingWebServices/rest/services/timeline/-2.4188734176622435,115.254335243741/2026-09-21/2026-09-21?unitGroup=metric&include=days&elements=datetime%2Ctemp%2Chumidity%2Cprecip%2Cwindspeed%2Cwinddir%2Cconditions&contentType=json&key=4YQR6MUMC3B7XPBT8GSBEG6XP "HTTP/1.1 200 "
[2026-09-22T02:56:07.244+0000] {_client.py:1740} INFO - HTTP Request: GET https://firms.modaps.eosdis.nasa.gov/api/area/csv/a00e0fd453cf11b44d6fe4f23d97f671/VIIRS_SNPP_NRT/114.862389,-2.553549,115.340973,-2.289589/2 "HTTP/1.1 200 OK"
[2026-09-22T02:56:07.984+0000] {_client.py:1740} INFO - HTTP Request: GET https://www.emsifa.com/api-wilayah-indonesia/v2/regencies/63.09.json "HTTP/1.1 200 OK"
[2026-09-22T02:56:08.485+0000] {_client.py:1740} INFO - HTTP Request: GET https://www.emsifa.com/api-wilayah-indonesia/v2/paths/63.09.json "HTTP/1.1 200 OK"
[2026-09-22T02:56:08.896+0000] {_client.py:1740} INFO - HTTP Request: GET https://weather.visualcrossing.com/VisualCrossingWebServices/rest/services/timeline/-2.1643540668202728,115.38235677273519/2026-09-21/2026-09-21?unitGroup=metric&include=days&elements=datetime%2Ctemp%2Chumidity%2Cprecip%2Cwindspeed%2Cwinddir%2Cconditions&contentType=json&key=4YQR6MUMC3B7XPBT8GSBEG6XP "HTTP/1.1 200 "
[2026-09-22T02:56:08.910+0000] {_client.py:1740} INFO - HTTP Request: GET https://api.open-meteo.com/v1/forecast?latitude=-2.1643540668202728&longitude=115.38235677273519&daily=weather_code%2Ctemperature_2m_min%2Ctemperature_2m_max%2Ctemperature_2m_mean%2Crelative_humidity_2m_mean%2Cprecipitation_sum%2Cprecipitation_probability_max%2Cwind_speed_10m_max%2Cwind_direction_10m_dominant%2Cuv_index_max&forecast_days=3&timezone=auto "HTTP/1.1 200 OK"
[2026-09-22T02:56:08.984+0000] {_client.py:1740} INFO - HTTP Request: GET https://air-quality-api.open-meteo.com/v1/air-quality?latitude=-2.1643540668202728&longitude=115.38235677273519&hourly=us_aqi%2Cpm2_5%2Cpm10%2Cnitrogen_dioxide%2Ccarbon_monoxide%2Cdust%2Caerosol_optical_depth%2Cuv_index&past_days=1&forecast_days=1&timezone=auto "HTTP/1.1 200 OK"
[2026-09-22T02:56:10.002+0000] {_client.py:1740} INFO - HTTP Request: GET https://firms.modaps.eosdis.nasa.gov/api/area/csv/a00e0fd453cf11b44d6fe4f23d97f671/VIIRS_SNPP_NRT/115.139259,-2.356951,115.757111,-1.302411/2 "HTTP/1.1 200 OK"
[2026-09-22T02:56:10.821+0000] {_client.py:1740} INFO - HTTP Request: GET https://www.emsifa.com/api-wilayah-indonesia/v2/regencies/63.10.json "HTTP/1.1 200 OK"
[2026-09-22T02:56:11.531+0000] {_client.py:1740} INFO - HTTP Request: GET https://www.emsifa.com/api-wilayah-indonesia/v2/paths/63.10.json "HTTP/1.1 200 OK"
[2026-09-22T02:56:11.781+0000] {_client.py:1740} INFO - HTTP Request: GET https://weather.visualcrossing.com/VisualCrossingWebServices/rest/services/timeline/-3.4832399331677077,115.94681434136322/2026-09-21/2026-09-21?unitGroup=metric&include=days&elements=datetime%2Ctemp%2Chumidity%2Cprecip%2Cwindspeed%2Cwinddir%2Cconditions&contentType=json&key=4YQR6MUMC3B7XPBT8GSBEG6XP "HTTP/1.1 200 "
[2026-09-22T02:56:11.814+0000] {_client.py:1740} INFO - HTTP Request: GET https://api.open-meteo.com/v1/forecast?latitude=-3.4832399331677077&longitude=115.94681434136322&daily=weather_code%2Ctemperature_2m_min%2Ctemperature_2m_max%2Ctemperature_2m_mean%2Crelative_humidity_2m_mean%2Cprecipitation_sum%2Cprecipitation_probability_max%2Cwind_speed_10m_max%2Cwind_direction_10m_dominant%2Cuv_index_max&forecast_days=3&timezone=auto "HTTP/1.1 200 OK"
[2026-09-22T02:56:11.823+0000] {_client.py:1740} INFO - HTTP Request: GET https://air-quality-api.open-meteo.com/v1/air-quality?latitude=-3.4832399331677077&longitude=115.94681434136322&hourly=us_aqi%2Cpm2_5%2Cpm10%2Cnitrogen_dioxide%2Ccarbon_monoxide%2Cdust%2Caerosol_optical_depth%2Cuv_index&past_days=1&forecast_days=1&timezone=auto "HTTP/1.1 200 OK"
[2026-09-22T02:56:12.969+0000] {_client.py:1740} INFO - HTTP Request: GET https://firms.modaps.eosdis.nasa.gov/api/area/csv/a00e0fd453cf11b44d6fe4f23d97f671/VIIRS_SNPP_NRT/115.26387,-3.860052,116.117584,-2.793679/2 "HTTP/1.1 200 OK"
[2026-09-22T02:56:13.791+0000] {_client.py:1740} INFO - HTTP Request: GET https://www.emsifa.com/api-wilayah-indonesia/v2/regencies/63.11.json "HTTP/1.1 200 OK"
[2026-09-22T02:56:14.315+0000] {_client.py:1740} INFO - HTTP Request: GET https://www.emsifa.com/api-wilayah-indonesia/v2/paths/63.11.json "HTTP/1.1 200 OK"
[2026-09-22T02:56:14.643+0000] {_client.py:1740} INFO - HTTP Request: GET https://api.open-meteo.com/v1/forecast?latitude=-2.36356752319171&longitude=115.47108222829301&daily=weather_code%2Ctemperature_2m_min%2Ctemperature_2m_max%2Ctemperature_2m_mean%2Crelative_humidity_2m_mean%2Cprecipitation_sum%2Cprecipitation_probability_max%2Cwind_speed_10m_max%2Cwind_direction_10m_dominant%2Cuv_index_max&forecast_days=3&timezone=auto "HTTP/1.1 200 OK"
[2026-09-22T02:56:14.651+0000] {_client.py:1740} INFO - HTTP Request: GET https://air-quality-api.open-meteo.com/v1/air-quality?latitude=-2.36356752319171&longitude=115.47108222829301&hourly=us_aqi%2Cpm2_5%2Cpm10%2Cnitrogen_dioxide%2Ccarbon_monoxide%2Cdust%2Caerosol_optical_depth%2Cuv_index&past_days=1&forecast_days=1&timezone=auto "HTTP/1.1 200 OK"
[2026-09-22T02:56:14.687+0000] {_client.py:1740} INFO - HTTP Request: GET https://weather.visualcrossing.com/VisualCrossingWebServices/rest/services/timeline/-2.36356752319171,115.47108222829301/2026-09-21/2026-09-21?unitGroup=metric&include=days&elements=datetime%2Ctemp%2Chumidity%2Cprecip%2Cwindspeed%2Cwinddir%2Cconditions&contentType=json&key=4YQR6MUMC3B7XPBT8GSBEG6XP "HTTP/1.1 200 "
[2026-09-22T02:56:15.770+0000] {_client.py:1740} INFO - HTTP Request: GET https://firms.modaps.eosdis.nasa.gov/api/area/csv/a00e0fd453cf11b44d6fe4f23d97f671/VIIRS_SNPP_NRT/115.298553,-2.60537,115.836327,-1.988301/2 "HTTP/1.1 200 OK"
[2026-09-22T02:56:16.530+0000] {_client.py:1740} INFO - HTTP Request: GET https://www.emsifa.com/api-wilayah-indonesia/v2/regencies/63.71.json "HTTP/1.1 200 OK"
[2026-09-22T02:56:17.056+0000] {_client.py:1740} INFO - HTTP Request: GET https://www.emsifa.com/api-wilayah-indonesia/v2/paths/63.71.json "HTTP/1.1 200 OK"
[2026-09-22T02:56:17.431+0000] {_client.py:1740} INFO - HTTP Request: GET https://weather.visualcrossing.com/VisualCrossingWebServices/rest/services/timeline/-3.327490958483104,114.58899911265445/2026-09-21/2026-09-21?unitGroup=metric&include=days&elements=datetime%2Ctemp%2Chumidity%2Cprecip%2Cwindspeed%2Cwinddir%2Cconditions&contentType=json&key=4YQR6MUMC3B7XPBT8GSBEG6XP "HTTP/1.1 200 "
[2026-09-22T02:56:17.442+0000] {_client.py:1740} INFO - HTTP Request: GET https://api.open-meteo.com/v1/forecast?latitude=-3.327490958483104&longitude=114.58899911265445&daily=weather_code%2Ctemperature_2m_min%2Ctemperature_2m_max%2Ctemperature_2m_mean%2Crelative_humidity_2m_mean%2Cprecipitation_sum%2Cprecipitation_probability_max%2Cwind_speed_10m_max%2Cwind_direction_10m_dominant%2Cuv_index_max&forecast_days=3&timezone=auto "HTTP/1.1 200 OK"
[2026-09-22T02:56:17.462+0000] {_client.py:1740} INFO - HTTP Request: GET https://air-quality-api.open-meteo.com/v1/air-quality?latitude=-3.327490958483104&longitude=114.58899911265445&hourly=us_aqi%2Cpm2_5%2Cpm10%2Cnitrogen_dioxide%2Ccarbon_monoxide%2Cdust%2Caerosol_optical_depth%2Cuv_index&past_days=1&forecast_days=1&timezone=auto "HTTP/1.1 200 OK"
[2026-09-22T02:56:18.505+0000] {_client.py:1740} INFO - HTTP Request: GET https://firms.modaps.eosdis.nasa.gov/api/area/csv/a00e0fd453cf11b44d6fe4f23d97f671/VIIRS_SNPP_NRT/114.511948,-3.401249,114.634361,-3.25578/2 "HTTP/1.1 200 OK"
[2026-09-22T02:56:19.246+0000] {_client.py:1740} INFO - HTTP Request: GET https://www.emsifa.com/api-wilayah-indonesia/v2/regencies/63.72.json "HTTP/1.1 200 OK"
[2026-09-22T02:56:19.761+0000] {_client.py:1740} INFO - HTTP Request: GET https://www.emsifa.com/api-wilayah-indonesia/v2/paths/63.72.json "HTTP/1.1 200 OK"
[2026-09-22T02:56:20.093+0000] {_client.py:1740} INFO - HTTP Request: GET https://api.open-meteo.com/v1/forecast?latitude=-3.438617247106197&longitude=114.83106062806887&daily=weather_code%2Ctemperature_2m_min%2Ctemperature_2m_max%2Ctemperature_2m_mean%2Crelative_humidity_2m_mean%2Cprecipitation_sum%2Cprecipitation_probability_max%2Cwind_speed_10m_max%2Cwind_direction_10m_dominant%2Cuv_index_max&forecast_days=3&timezone=auto "HTTP/1.1 200 OK"
[2026-09-22T02:56:20.138+0000] {_client.py:1740} INFO - HTTP Request: GET https://weather.visualcrossing.com/VisualCrossingWebServices/rest/services/timeline/-3.438617247106197,114.83106062806887/2026-09-21/2026-09-21?unitGroup=metric&include=days&elements=datetime%2Ctemp%2Chumidity%2Cprecip%2Cwindspeed%2Cwinddir%2Cconditions&contentType=json&key=4YQR6MUMC3B7XPBT8GSBEG6XP "HTTP/1.1 200 "
[2026-09-22T02:56:20.204+0000] {_client.py:1740} INFO - HTTP Request: GET https://air-quality-api.open-meteo.com/v1/air-quality?latitude=-3.438617247106197&longitude=114.83106062806887&hourly=us_aqi%2Cpm2_5%2Cpm10%2Cnitrogen_dioxide%2Ccarbon_monoxide%2Cdust%2Caerosol_optical_depth%2Cuv_index&past_days=1&forecast_days=1&timezone=auto "HTTP/1.1 200 OK"
[2026-09-22T02:56:21.290+0000] {_client.py:1740} INFO - HTTP Request: GET https://firms.modaps.eosdis.nasa.gov/api/area/csv/a00e0fd453cf11b44d6fe4f23d97f671/VIIRS_SNPP_NRT/114.649246,-3.551879,114.922638,-3.371431/2 "HTTP/1.1 200 OK"
[2026-09-22T02:56:21.668+0000] {load_kalimantan_postgres.py:42} INFO - Pipeline provinsi selesai: {'province_id': '63', 'weather': 13, 'hotspots': 474, 'air_quality': 624, 'forecast': 39}
[2026-09-22T02:56:21.670+0000] {python.py:240} INFO - Done. Returned value was: {'province_id': '63', 'weather': 13, 'hotspots': 474, 'air_quality': 624, 'forecast': 39}
[2026-09-22T02:56:21.713+0000] {taskinstance.py:341} INFO - ::group::Post task execution logs
[2026-09-22T02:56:21.714+0000] {taskinstance.py:353} INFO - Marking task as SUCCESS. dag_id=load_kalimantan_postgres, task_id=load_province_63, run_id=manual__2026-09-22T02:38:12.996896+00:00, execution_date=20260922T023812, start_date=20260922T025539, end_date=20260922T025621
[2026-09-22T02:56:21.775+0000] {local_task_job_runner.py:266} INFO - Task exited with return code 0
[2026-09-22T02:56:21.792+0000] {taskinstance.py:3901} INFO - 1 downstream tasks scheduled from follow-on schedule check
[2026-09-22T02:56:21.793+0000] {local_task_job_runner.py:245} INFO - ::endgroup::
