[2026-09-22T02:38:13.805+0000] {local_task_job_runner.py:123} INFO - ::group::Pre task execution logs
[2026-09-22T02:38:13.815+0000] {taskinstance.py:2614} INFO - Dependencies all met for dep_context=non-requeueable deps ti=<TaskInstance: load_kalimantan_postgres.load_province_61 manual__2026-09-22T02:38:12.996896+00:00 [queued]>
[2026-09-22T02:38:13.818+0000] {taskinstance.py:2614} INFO - Dependencies all met for dep_context=requeueable deps ti=<TaskInstance: load_kalimantan_postgres.load_province_61 manual__2026-09-22T02:38:12.996896+00:00 [queued]>
[2026-09-22T02:38:13.819+0000] {taskinstance.py:2867} INFO - Starting attempt 1 of 3
[2026-09-22T02:38:13.823+0000] {taskinstance.py:2890} INFO - Executing <Task(_PythonDecoratedOperator): load_province_61> on 2026-09-22 02:38:12.996896+00:00
[2026-09-22T02:38:13.832+0000] {standard_task_runner.py:72} INFO - Started process 200 to run task
[2026-09-22T02:38:13.838+0000] {standard_task_runner.py:104} INFO - Running: ['***', 'tasks', 'run', 'load_kalimantan_postgres', 'load_province_61', 'manual__2026-09-22T02:38:12.996896+00:00', '--job-id', '2', '--raw', '--subdir', 'DAGS_FOLDER/load_kalimantan_postgres.py', '--cfg-path', '/tmp/tmp3hccjetg']
[2026-09-22T02:38:13.840+0000] {standard_task_runner.py:105} INFO - Job 2: Subtask load_province_61
[2026-09-22T02:38:13.869+0000] {task_command.py:467} INFO - Running <TaskInstance: load_kalimantan_postgres.load_province_61 manual__2026-09-22T02:38:12.996896+00:00 [running]> on host 339bfe956b50
[2026-09-22T02:38:13.929+0000] {taskinstance.py:3134} INFO - Exporting env vars: AIRFLOW_CTX_DAG_OWNER='***' AIRFLOW_CTX_DAG_ID='load_kalimantan_postgres' AIRFLOW_CTX_TASK_ID='load_province_61' AIRFLOW_CTX_EXECUTION_DATE='2026-09-22T02:38:12.996896+00:00' AIRFLOW_CTX_TRY_NUMBER='1' AIRFLOW_CTX_DAG_RUN_ID='manual__2026-09-22T02:38:12.996896+00:00'
[2026-09-22T02:38:13.929+0000] {taskinstance.py:732} INFO - ::endgroup::
[2026-09-22T02:38:16.447+0000] {_client.py:1740} INFO - HTTP Request: GET https://www.emsifa.com/api-wilayah-indonesia/v2/provinces.json "HTTP/1.1 200 OK"
[2026-09-22T02:38:16.915+0000] {_client.py:1740} INFO - HTTP Request: GET https://www.emsifa.com/api-wilayah-indonesia/v2/regencies/61.json "HTTP/1.1 200 OK"
[2026-09-22T02:38:17.386+0000] {_client.py:1740} INFO - HTTP Request: GET https://www.emsifa.com/api-wilayah-indonesia/v2/regencies/61.01.json "HTTP/1.1 200 OK"
[2026-09-22T02:38:17.844+0000] {_client.py:1740} INFO - HTTP Request: GET https://www.emsifa.com/api-wilayah-indonesia/v2/provinces/61.json "HTTP/1.1 200 OK"
[2026-09-22T02:38:18.632+0000] {_client.py:1740} INFO - HTTP Request: GET https://www.emsifa.com/api-wilayah-indonesia/v2/paths/61.01.json "HTTP/1.1 200 OK"
[2026-09-22T02:38:18.900+0000] {_client.py:1740} INFO - HTTP Request: GET https://air-quality-api.open-meteo.com/v1/air-quality?latitude=1.3610923732904279&longitude=109.3285001118564&hourly=us_aqi%2Cpm2_5%2Cpm10%2Cnitrogen_dioxide%2Ccarbon_monoxide%2Cdust%2Caerosol_optical_depth%2Cuv_index&past_days=1&forecast_days=1&timezone=auto "HTTP/1.1 200 OK"
[2026-09-22T02:38:19.876+0000] {_client.py:1740} INFO - HTTP Request: GET https://api.open-meteo.com/v1/forecast?latitude=1.3610923732904279&longitude=109.3285001118564&daily=weather_code%2Ctemperature_2m_min%2Ctemperature_2m_max%2Ctemperature_2m_mean%2Crelative_humidity_2m_mean%2Cprecipitation_sum%2Cprecipitation_probability_max%2Cwind_speed_10m_max%2Cwind_direction_10m_dominant%2Cuv_index_max&forecast_days=3&timezone=auto "HTTP/1.1 200 OK"
[2026-09-22T02:38:20.036+0000] {_client.py:1740} INFO - HTTP Request: GET https://weather.visualcrossing.com/VisualCrossingWebServices/rest/services/timeline/1.3610923732904279,109.3285001118564/2026-09-21/2026-09-21?unitGroup=metric&include=days&elements=datetime%2Ctemp%2Chumidity%2Cprecip%2Cwindspeed%2Cwinddir%2Cconditions&contentType=json&key=4YQR6MUMC3B7XPBT8GSBEG6XP "HTTP/1.1 200 "
[2026-09-22T02:38:23.280+0000] {_client.py:1740} INFO - HTTP Request: GET https://firms.modaps.eosdis.nasa.gov/api/area/csv/a00e0fd453cf11b44d6fe4f23d97f671/VIIRS_SNPP_NRT/108.904243,0.949471,109.749046,2.08188/2 "HTTP/1.1 200 OK"
[2026-09-22T02:38:25.465+0000] {_client.py:1740} INFO - HTTP Request: GET https://www.emsifa.com/api-wilayah-indonesia/v2/regencies/61.02.json "HTTP/1.1 200 OK"
[2026-09-22T02:38:26.071+0000] {_client.py:1740} INFO - HTTP Request: GET https://www.emsifa.com/api-wilayah-indonesia/v2/paths/61.02.json "HTTP/1.1 200 OK"
[2026-09-22T02:38:26.519+0000] {_client.py:1740} INFO - HTTP Request: GET https://weather.visualcrossing.com/VisualCrossingWebServices/rest/services/timeline/0.3507375156189089,108.96247645418383/2026-09-21/2026-09-21?unitGroup=metric&include=days&elements=datetime%2Ctemp%2Chumidity%2Cprecip%2Cwindspeed%2Cwinddir%2Cconditions&contentType=json&key=4YQR6MUMC3B7XPBT8GSBEG6XP "HTTP/1.1 200 "
[2026-09-22T02:38:26.698+0000] {_client.py:1740} INFO - HTTP Request: GET https://api.open-meteo.com/v1/forecast?latitude=0.3507375156189089&longitude=108.96247645418383&daily=weather_code%2Ctemperature_2m_min%2Ctemperature_2m_max%2Ctemperature_2m_mean%2Crelative_humidity_2m_mean%2Cprecipitation_sum%2Cprecipitation_probability_max%2Cwind_speed_10m_max%2Cwind_direction_10m_dominant%2Cuv_index_max&forecast_days=3&timezone=auto "HTTP/1.1 200 OK"
[2026-09-22T02:38:26.703+0000] {_client.py:1740} INFO - HTTP Request: GET https://air-quality-api.open-meteo.com/v1/air-quality?latitude=0.3507375156189089&longitude=108.96247645418383&hourly=us_aqi%2Cpm2_5%2Cpm10%2Cnitrogen_dioxide%2Ccarbon_monoxide%2Cdust%2Caerosol_optical_depth%2Cuv_index&past_days=1&forecast_days=1&timezone=auto "HTTP/1.1 200 OK"
[2026-09-22T02:38:27.801+0000] {_client.py:1740} INFO - HTTP Request: GET https://firms.modaps.eosdis.nasa.gov/api/area/csv/a00e0fd453cf11b44d6fe4f23d97f671/VIIRS_SNPP_NRT/108.838161,0.008452,109.383626,0.686082/2 "HTTP/1.1 200 OK"
[2026-09-22T02:38:28.659+0000] {_client.py:1740} INFO - HTTP Request: GET https://www.emsifa.com/api-wilayah-indonesia/v2/regencies/61.03.json "HTTP/1.1 200 OK"
[2026-09-22T02:38:29.294+0000] {_client.py:1740} INFO - HTTP Request: GET https://www.emsifa.com/api-wilayah-indonesia/v2/paths/61.03.json "HTTP/1.1 200 OK"
[2026-09-22T02:38:29.627+0000] {_client.py:1740} INFO - HTTP Request: GET https://weather.visualcrossing.com/VisualCrossingWebServices/rest/services/timeline/0.12348442018479931,110.59604636952717/2026-09-21/2026-09-21?unitGroup=metric&include=days&elements=datetime%2Ctemp%2Chumidity%2Cprecip%2Cwindspeed%2Cwinddir%2Cconditions&contentType=json&key=4YQR6MUMC3B7XPBT8GSBEG6XP "HTTP/1.1 200 "
[2026-09-22T02:38:29.702+0000] {_client.py:1740} INFO - HTTP Request: GET https://air-quality-api.open-meteo.com/v1/air-quality?latitude=0.12348442018479931&longitude=110.59604636952717&hourly=us_aqi%2Cpm2_5%2Cpm10%2Cnitrogen_dioxide%2Ccarbon_monoxide%2Cdust%2Caerosol_optical_depth%2Cuv_index&past_days=1&forecast_days=1&timezone=auto "HTTP/1.1 200 OK"
[2026-09-22T02:38:29.919+0000] {_client.py:1740} INFO - HTTP Request: GET https://api.open-meteo.com/v1/forecast?latitude=0.12348442018479931&longitude=110.59604636952717&daily=weather_code%2Ctemperature_2m_min%2Ctemperature_2m_max%2Ctemperature_2m_mean%2Crelative_humidity_2m_mean%2Cprecipitation_sum%2Cprecipitation_probability_max%2Cwind_speed_10m_max%2Cwind_direction_10m_dominant%2Cuv_index_max&forecast_days=3&timezone=auto "HTTP/1.1 200 OK"
[2026-09-22T02:38:30.772+0000] {_client.py:1740} INFO - HTTP Request: GET https://firms.modaps.eosdis.nasa.gov/api/area/csv/a00e0fd453cf11b44d6fe4f23d97f671/VIIRS_SNPP_NRT/109.852661,-0.500511,111.074593,1.198749/2 "HTTP/1.1 200 OK"
[2026-09-22T02:38:31.655+0000] {_client.py:1740} INFO - HTTP Request: GET https://www.emsifa.com/api-wilayah-indonesia/v2/regencies/61.04.json "HTTP/1.1 200 OK"
[2026-09-22T02:38:32.165+0000] {_client.py:1740} INFO - HTTP Request: GET https://www.emsifa.com/api-wilayah-indonesia/v2/paths/61.04.json "HTTP/1.1 200 OK"
[2026-09-22T02:38:32.673+0000] {_client.py:1740} INFO - HTTP Request: GET https://api.open-meteo.com/v1/forecast?latitude=-1.8442282167132769&longitude=109.97893875233444&daily=weather_code%2Ctemperature_2m_min%2Ctemperature_2m_max%2Ctemperature_2m_mean%2Crelative_humidity_2m_mean%2Cprecipitation_sum%2Cprecipitation_probability_max%2Cwind_speed_10m_max%2Cwind_direction_10m_dominant%2Cuv_index_max&forecast_days=3&timezone=auto "HTTP/1.1 200 OK"
[2026-09-22T02:38:32.677+0000] {_client.py:1740} INFO - HTTP Request: GET https://weather.visualcrossing.com/VisualCrossingWebServices/rest/services/timeline/-1.8442282167132769,109.97893875233444/2026-09-21/2026-09-21?unitGroup=metric&include=days&elements=datetime%2Ctemp%2Chumidity%2Cprecip%2Cwindspeed%2Cwinddir%2Cconditions&contentType=json&key=4YQR6MUMC3B7XPBT8GSBEG6XP "HTTP/1.1 200 "
[2026-09-22T02:38:32.802+0000] {_client.py:1740} INFO - HTTP Request: GET https://air-quality-api.open-meteo.com/v1/air-quality?latitude=-1.8442282167132769&longitude=109.97893875233444&hourly=us_aqi%2Cpm2_5%2Cpm10%2Cnitrogen_dioxide%2Ccarbon_monoxide%2Cdust%2Caerosol_optical_depth%2Cuv_index&past_days=1&forecast_days=1&timezone=auto "HTTP/1.1 200 OK"
[2026-09-22T02:38:33.986+0000] {_client.py:1740} INFO - HTTP Request: GET https://firms.modaps.eosdis.nasa.gov/api/area/csv/a00e0fd453cf11b44d6fe4f23d97f671/VIIRS_SNPP_NRT/108.676613,-3.068055,111.356346,-0.32396/2 "HTTP/1.1 200 OK"
[2026-09-22T02:38:35.329+0000] {_client.py:1740} INFO - HTTP Request: GET https://www.emsifa.com/api-wilayah-indonesia/v2/regencies/61.05.json "HTTP/1.1 200 OK"
[2026-09-22T02:38:35.826+0000] {_client.py:1740} INFO - HTTP Request: GET https://www.emsifa.com/api-wilayah-indonesia/v2/paths/61.05.json "HTTP/1.1 200 OK"
[2026-09-22T02:38:36.215+0000] {_client.py:1740} INFO - HTTP Request: GET https://api.open-meteo.com/v1/forecast?latitude=0.0786531223680243&longitude=111.49548392534787&daily=weather_code%2Ctemperature_2m_min%2Ctemperature_2m_max%2Ctemperature_2m_mean%2Crelative_humidity_2m_mean%2Cprecipitation_sum%2Cprecipitation_probability_max%2Cwind_speed_10m_max%2Cwind_direction_10m_dominant%2Cuv_index_max&forecast_days=3&timezone=auto "HTTP/1.1 200 OK"
[2026-09-22T02:38:36.245+0000] {_client.py:1740} INFO - HTTP Request: GET https://weather.visualcrossing.com/VisualCrossingWebServices/rest/services/timeline/0.0786531223680243,111.49548392534787/2026-09-21/2026-09-21?unitGroup=metric&include=days&elements=datetime%2Ctemp%2Chumidity%2Cprecip%2Cwindspeed%2Cwinddir%2Cconditions&contentType=json&key=4YQR6MUMC3B7XPBT8GSBEG6XP "HTTP/1.1 200 "
[2026-09-22T02:38:36.259+0000] {_client.py:1740} INFO - HTTP Request: GET https://air-quality-api.open-meteo.com/v1/air-quality?latitude=0.0786531223680243&longitude=111.49548392534787&hourly=us_aqi%2Cpm2_5%2Cpm10%2Cnitrogen_dioxide%2Ccarbon_monoxide%2Cdust%2Caerosol_optical_depth%2Cuv_index&past_days=1&forecast_days=1&timezone=auto "HTTP/1.1 200 OK"
[2026-09-22T02:38:37.280+0000] {_client.py:1740} INFO - HTTP Request: GET https://firms.modaps.eosdis.nasa.gov/api/area/csv/a00e0fd453cf11b44d6fe4f23d97f671/VIIRS_SNPP_NRT/110.771599,-0.734421,113.441208,1.083181/2 "HTTP/1.1 200 OK"
[2026-09-22T02:38:38.116+0000] {_client.py:1740} INFO - HTTP Request: GET https://www.emsifa.com/api-wilayah-indonesia/v2/regencies/61.06.json "HTTP/1.1 200 OK"
[2026-09-22T02:38:38.614+0000] {_client.py:1740} INFO - HTTP Request: GET https://www.emsifa.com/api-wilayah-indonesia/v2/paths/61.06.json "HTTP/1.1 200 OK"
[2026-09-22T02:38:39.015+0000] {_client.py:1740} INFO - HTTP Request: GET https://weather.visualcrossing.com/VisualCrossingWebServices/rest/services/timeline/0.8792574508162577,112.92539148302002/2026-09-21/2026-09-21?unitGroup=metric&include=days&elements=datetime%2Ctemp%2Chumidity%2Cprecip%2Cwindspeed%2Cwinddir%2Cconditions&contentType=json&key=4YQR6MUMC3B7XPBT8GSBEG6XP "HTTP/1.1 200 "
[2026-09-22T02:38:39.035+0000] {_client.py:1740} INFO - HTTP Request: GET https://api.open-meteo.com/v1/forecast?latitude=0.8792574508162577&longitude=112.92539148302002&daily=weather_code%2Ctemperature_2m_min%2Ctemperature_2m_max%2Ctemperature_2m_mean%2Crelative_humidity_2m_mean%2Cprecipitation_sum%2Cprecipitation_probability_max%2Cwind_speed_10m_max%2Cwind_direction_10m_dominant%2Cuv_index_max&forecast_days=3&timezone=auto "HTTP/1.1 200 OK"
[2026-09-22T02:38:39.064+0000] {_client.py:1740} INFO - HTTP Request: GET https://air-quality-api.open-meteo.com/v1/air-quality?latitude=0.8792574508162577&longitude=112.92539148302002&hourly=us_aqi%2Cpm2_5%2Cpm10%2Cnitrogen_dioxide%2Ccarbon_monoxide%2Cdust%2Caerosol_optical_depth%2Cuv_index&past_days=1&forecast_days=1&timezone=auto "HTTP/1.1 200 OK"
[2026-09-22T02:38:40.031+0000] {_client.py:1740} INFO - HTTP Request: GET https://firms.modaps.eosdis.nasa.gov/api/area/csv/a00e0fd453cf11b44d6fe4f23d97f671/VIIRS_SNPP_NRT/111.628632,0.07555,114.204193,1.585981/2 "HTTP/1.1 200 OK"
[2026-09-22T02:38:40.798+0000] {_client.py:1740} INFO - HTTP Request: GET https://www.emsifa.com/api-wilayah-indonesia/v2/regencies/61.07.json "HTTP/1.1 200 OK"
[2026-09-22T02:38:41.314+0000] {_client.py:1740} INFO - HTTP Request: GET https://www.emsifa.com/api-wilayah-indonesia/v2/paths/61.07.json "HTTP/1.1 200 OK"
[2026-09-22T02:38:41.646+0000] {_client.py:1740} INFO - HTTP Request: GET https://api.open-meteo.com/v1/forecast?latitude=0.8691040170174341&longitude=109.49749129836343&daily=weather_code%2Ctemperature_2m_min%2Ctemperature_2m_max%2Ctemperature_2m_mean%2Crelative_humidity_2m_mean%2Cprecipitation_sum%2Cprecipitation_probability_max%2Cwind_speed_10m_max%2Cwind_direction_10m_dominant%2Cuv_index_max&forecast_days=3&timezone=auto "HTTP/1.1 200 OK"
[2026-09-22T02:38:41.689+0000] {_client.py:1740} INFO - HTTP Request: GET https://weather.visualcrossing.com/VisualCrossingWebServices/rest/services/timeline/0.8691040170174341,109.49749129836343/2026-09-21/2026-09-21?unitGroup=metric&include=days&elements=datetime%2Ctemp%2Chumidity%2Cprecip%2Cwindspeed%2Cwinddir%2Cconditions&contentType=json&key=4YQR6MUMC3B7XPBT8GSBEG6XP "HTTP/1.1 200 "
[2026-09-22T02:38:41.726+0000] {_client.py:1740} INFO - HTTP Request: GET https://air-quality-api.open-meteo.com/v1/air-quality?latitude=0.8691040170174341&longitude=109.49749129836343&hourly=us_aqi%2Cpm2_5%2Cpm10%2Cnitrogen_dioxide%2Ccarbon_monoxide%2Cdust%2Caerosol_optical_depth%2Cuv_index&past_days=1&forecast_days=1&timezone=auto "HTTP/1.1 200 OK"
[2026-09-22T02:38:42.744+0000] {_client.py:1740} INFO - HTTP Request: GET https://firms.modaps.eosdis.nasa.gov/api/area/csv/a00e0fd453cf11b44d6fe4f23d97f671/VIIRS_SNPP_NRT/108.840836,0.53112,110.137863,1.53692/2 "HTTP/1.1 200 OK"
[2026-09-22T02:38:43.557+0000] {_client.py:1740} INFO - HTTP Request: GET https://www.emsifa.com/api-wilayah-indonesia/v2/regencies/61.08.json "HTTP/1.1 200 OK"
[2026-09-22T02:38:44.078+0000] {_client.py:1740} INFO - HTTP Request: GET https://www.emsifa.com/api-wilayah-indonesia/v2/paths/61.08.json "HTTP/1.1 200 OK"
[2026-09-22T02:38:44.625+0000] {_client.py:1740} INFO - HTTP Request: GET https://api.open-meteo.com/v1/forecast?latitude=0.37478897210209017&longitude=109.9382701253479&daily=weather_code%2Ctemperature_2m_min%2Ctemperature_2m_max%2Ctemperature_2m_mean%2Crelative_humidity_2m_mean%2Cprecipitation_sum%2Cprecipitation_probability_max%2Cwind_speed_10m_max%2Cwind_direction_10m_dominant%2Cuv_index_max&forecast_days=3&timezone=auto "HTTP/1.1 200 OK"
[2026-09-22T02:38:44.629+0000] {_client.py:1740} INFO - HTTP Request: GET https://air-quality-api.open-meteo.com/v1/air-quality?latitude=0.37478897210209017&longitude=109.9382701253479&hourly=us_aqi%2Cpm2_5%2Cpm10%2Cnitrogen_dioxide%2Ccarbon_monoxide%2Cdust%2Caerosol_optical_depth%2Cuv_index&past_days=1&forecast_days=1&timezone=auto "HTTP/1.1 200 OK"
[2026-09-22T02:38:44.677+0000] {_client.py:1740} INFO - HTTP Request: GET https://weather.visualcrossing.com/VisualCrossingWebServices/rest/services/timeline/0.37478897210209017,109.9382701253479/2026-09-21/2026-09-21?unitGroup=metric&include=days&elements=datetime%2Ctemp%2Chumidity%2Cprecip%2Cwindspeed%2Cwinddir%2Cconditions&contentType=json&key=4YQR6MUMC3B7XPBT8GSBEG6XP "HTTP/1.1 200 "
[2026-09-22T02:38:45.690+0000] {_client.py:1740} INFO - HTTP Request: GET https://firms.modaps.eosdis.nasa.gov/api/area/csv/a00e0fd453cf11b44d6fe4f23d97f671/VIIRS_SNPP_NRT/109.131416,-0.02019,110.262909,1.0527/2 "HTTP/1.1 200 OK"
[2026-09-22T02:38:46.656+0000] {_client.py:1740} INFO - HTTP Request: GET https://www.emsifa.com/api-wilayah-indonesia/v2/regencies/61.09.json "HTTP/1.1 200 OK"
[2026-09-22T02:38:47.177+0000] {_client.py:1740} INFO - HTTP Request: GET https://www.emsifa.com/api-wilayah-indonesia/v2/paths/61.09.json "HTTP/1.1 200 OK"
[2026-09-22T02:38:47.526+0000] {_client.py:1740} INFO - HTTP Request: GET https://weather.visualcrossing.com/VisualCrossingWebServices/rest/services/timeline/0.007190078560764424,110.95471874069129/2026-09-21/2026-09-21?unitGroup=metric&include=days&elements=datetime%2Ctemp%2Chumidity%2Cprecip%2Cwindspeed%2Cwinddir%2Cconditions&contentType=json&key=4YQR6MUMC3B7XPBT8GSBEG6XP "HTTP/1.1 200 "
[2026-09-22T02:38:47.530+0000] {_client.py:1740} INFO - HTTP Request: GET https://api.open-meteo.com/v1/forecast?latitude=0.007190078560764424&longitude=110.95471874069129&daily=weather_code%2Ctemperature_2m_min%2Ctemperature_2m_max%2Ctemperature_2m_mean%2Crelative_humidity_2m_mean%2Cprecipitation_sum%2Cprecipitation_probability_max%2Cwind_speed_10m_max%2Cwind_direction_10m_dominant%2Cuv_index_max&forecast_days=3&timezone=auto "HTTP/1.1 200 OK"
[2026-09-22T02:38:47.533+0000] {_client.py:1740} INFO - HTTP Request: GET https://air-quality-api.open-meteo.com/v1/air-quality?latitude=0.007190078560764424&longitude=110.95471874069129&hourly=us_aqi%2Cpm2_5%2Cpm10%2Cnitrogen_dioxide%2Ccarbon_monoxide%2Cdust%2Caerosol_optical_depth%2Cuv_index&past_days=1&forecast_days=1&timezone=auto "HTTP/1.1 200 OK"
[2026-09-22T02:38:49.533+0000] {_client.py:1740} INFO - HTTP Request: GET https://firms.modaps.eosdis.nasa.gov/api/area/csv/a00e0fd453cf11b44d6fe4f23d97f671/VIIRS_SNPP_NRT/110.602936,-0.627739,111.300858,0.739419/2 "HTTP/1.1 200 OK"
[2026-09-22T02:38:50.951+0000] {_client.py:1740} INFO - HTTP Request: GET https://www.emsifa.com/api-wilayah-indonesia/v2/regencies/61.10.json "HTTP/1.1 200 OK"
[2026-09-22T02:38:51.475+0000] {_client.py:1740} INFO - HTTP Request: GET https://www.emsifa.com/api-wilayah-indonesia/v2/paths/61.10.json "HTTP/1.1 200 OK"
[2026-09-22T02:38:51.811+0000] {_client.py:1740} INFO - HTTP Request: GET https://air-quality-api.open-meteo.com/v1/air-quality?latitude=-0.3769284988267002&longitude=111.7643663695273&hourly=us_aqi%2Cpm2_5%2Cpm10%2Cnitrogen_dioxide%2Ccarbon_monoxide%2Cdust%2Caerosol_optical_depth%2Cuv_index&past_days=1&forecast_days=1&timezone=auto "HTTP/1.1 200 OK"
[2026-09-22T02:38:51.853+0000] {_client.py:1740} INFO - HTTP Request: GET https://weather.visualcrossing.com/VisualCrossingWebServices/rest/services/timeline/-0.3769284988267002,111.7643663695273/2026-09-21/2026-09-21?unitGroup=metric&include=days&elements=datetime%2Ctemp%2Chumidity%2Cprecip%2Cwindspeed%2Cwinddir%2Cconditions&contentType=json&key=4YQR6MUMC3B7XPBT8GSBEG6XP "HTTP/1.1 200 "
[2026-09-22T02:38:51.866+0000] {_client.py:1740} INFO - HTTP Request: GET https://api.open-meteo.com/v1/forecast?latitude=-0.3769284988267002&longitude=111.7643663695273&daily=weather_code%2Ctemperature_2m_min%2Ctemperature_2m_max%2Ctemperature_2m_mean%2Crelative_humidity_2m_mean%2Cprecipitation_sum%2Cprecipitation_probability_max%2Cwind_speed_10m_max%2Cwind_direction_10m_dominant%2Cuv_index_max&forecast_days=3&timezone=auto "HTTP/1.1 200 OK"
[2026-09-22T02:38:53.069+0000] {_client.py:1740} INFO - HTTP Request: GET https://firms.modaps.eosdis.nasa.gov/api/area/csv/a00e0fd453cf11b44d6fe4f23d97f671/VIIRS_SNPP_NRT/111.126556,-1.32215,112.194412,-0.150852/2 "HTTP/1.1 200 OK"
[2026-09-22T02:38:53.797+0000] {_client.py:1740} INFO - HTTP Request: GET https://www.emsifa.com/api-wilayah-indonesia/v2/regencies/61.11.json "HTTP/1.1 200 OK"
[2026-09-22T02:38:54.366+0000] {_client.py:1740} INFO - HTTP Request: GET https://www.emsifa.com/api-wilayah-indonesia/v2/paths/61.11.json "HTTP/1.1 200 OK"
[2026-09-22T02:38:54.691+0000] {_client.py:1740} INFO - HTTP Request: GET https://weather.visualcrossing.com/VisualCrossingWebServices/rest/services/timeline/-1.253324768640413,109.95437986952808/2026-09-21/2026-09-21?unitGroup=metric&include=days&elements=datetime%2Ctemp%2Chumidity%2Cprecip%2Cwindspeed%2Cwinddir%2Cconditions&contentType=json&key=4YQR6MUMC3B7XPBT8GSBEG6XP "HTTP/1.1 200 "
[2026-09-22T02:38:54.851+0000] {_client.py:1740} INFO - HTTP Request: GET https://air-quality-api.open-meteo.com/v1/air-quality?latitude=-1.253324768640413&longitude=109.95437986952808&hourly=us_aqi%2Cpm2_5%2Cpm10%2Cnitrogen_dioxide%2Ccarbon_monoxide%2Cdust%2Caerosol_optical_depth%2Cuv_index&past_days=1&forecast_days=1&timezone=auto "HTTP/1.1 200 OK"
[2026-09-22T02:38:54.854+0000] {_client.py:1740} INFO - HTTP Request: GET https://api.open-meteo.com/v1/forecast?latitude=-1.253324768640413&longitude=109.95437986952808&daily=weather_code%2Ctemperature_2m_min%2Ctemperature_2m_max%2Ctemperature_2m_mean%2Crelative_humidity_2m_mean%2Cprecipitation_sum%2Cprecipitation_probability_max%2Cwind_speed_10m_max%2Cwind_direction_10m_dominant%2Cuv_index_max&forecast_days=3&timezone=auto "HTTP/1.1 200 OK"
[2026-09-22T02:38:56.126+0000] {_client.py:1740} INFO - HTTP Request: GET https://firms.modaps.eosdis.nasa.gov/api/area/csv/a00e0fd453cf11b44d6fe4f23d97f671/VIIRS_SNPP_NRT/108.677842,-1.743441,110.471063,-0.752165/2 "HTTP/1.1 200 OK"
[2026-09-22T02:38:56.934+0000] {_client.py:1740} INFO - HTTP Request: GET https://www.emsifa.com/api-wilayah-indonesia/v2/regencies/61.12.json "HTTP/1.1 200 OK"
[2026-09-22T02:38:57.716+0000] {_client.py:1740} INFO - HTTP Request: GET https://www.emsifa.com/api-wilayah-indonesia/v2/paths/61.12.json "HTTP/1.1 200 OK"
[2026-09-22T02:38:58.019+0000] {_client.py:1740} INFO - HTTP Request: GET https://air-quality-api.open-meteo.com/v1/air-quality?latitude=-0.12685886609816646&longitude=109.40395645418373&hourly=us_aqi%2Cpm2_5%2Cpm10%2Cnitrogen_dioxide%2Ccarbon_monoxide%2Cdust%2Caerosol_optical_depth%2Cuv_index&past_days=1&forecast_days=1&timezone=auto "HTTP/1.1 200 OK"
[2026-09-22T02:38:58.042+0000] {_client.py:1740} INFO - HTTP Request: GET https://weather.visualcrossing.com/VisualCrossingWebServices/rest/services/timeline/-0.12685886609816646,109.40395645418373/2026-09-21/2026-09-21?unitGroup=metric&include=days&elements=datetime%2Ctemp%2Chumidity%2Cprecip%2Cwindspeed%2Cwinddir%2Cconditions&contentType=json&key=4YQR6MUMC3B7XPBT8GSBEG6XP "HTTP/1.1 200 "
[2026-09-22T02:38:58.047+0000] {_client.py:1740} INFO - HTTP Request: GET https://api.open-meteo.com/v1/forecast?latitude=-0.12685886609816646&longitude=109.40395645418373&daily=weather_code%2Ctemperature_2m_min%2Ctemperature_2m_max%2Ctemperature_2m_mean%2Crelative_humidity_2m_mean%2Cprecipitation_sum%2Cprecipitation_probability_max%2Cwind_speed_10m_max%2Cwind_direction_10m_dominant%2Cuv_index_max&forecast_days=3&timezone=auto "HTTP/1.1 200 OK"
[2026-09-22T02:38:59.270+0000] {_client.py:1740} INFO - HTTP Request: GET https://firms.modaps.eosdis.nasa.gov/api/area/csv/a00e0fd453cf11b44d6fe4f23d97f671/VIIRS_SNPP_NRT/109.052416,-1.013845,109.973169,0.256274/2 "HTTP/1.1 200 OK"
[2026-09-22T02:39:00.030+0000] {_client.py:1740} INFO - HTTP Request: GET https://www.emsifa.com/api-wilayah-indonesia/v2/regencies/61.71.json "HTTP/1.1 200 OK"
[2026-09-22T02:39:00.529+0000] {_client.py:1740} INFO - HTTP Request: GET https://www.emsifa.com/api-wilayah-indonesia/v2/paths/61.71.json "HTTP/1.1 200 OK"
[2026-09-22T02:39:00.865+0000] {_client.py:1740} INFO - HTTP Request: GET https://api.open-meteo.com/v1/forecast?latitude=-0.022086396871511572&longitude=109.3381039118554&daily=weather_code%2Ctemperature_2m_min%2Ctemperature_2m_max%2Ctemperature_2m_mean%2Crelative_humidity_2m_mean%2Cprecipitation_sum%2Cprecipitation_probability_max%2Cwind_speed_10m_max%2Cwind_direction_10m_dominant%2Cuv_index_max&forecast_days=3&timezone=auto "HTTP/1.1 200 OK"
[2026-09-22T02:39:00.915+0000] {_client.py:1740} INFO - HTTP Request: GET https://weather.visualcrossing.com/VisualCrossingWebServices/rest/services/timeline/-0.022086396871511572,109.3381039118554/2026-09-21/2026-09-21?unitGroup=metric&include=days&elements=datetime%2Ctemp%2Chumidity%2Cprecip%2Cwindspeed%2Cwinddir%2Cconditions&contentType=json&key=4YQR6MUMC3B7XPBT8GSBEG6XP "HTTP/1.1 200 "
[2026-09-22T02:39:00.928+0000] {_client.py:1740} INFO - HTTP Request: GET https://air-quality-api.open-meteo.com/v1/air-quality?latitude=-0.022086396871511572&longitude=109.3381039118554&hourly=us_aqi%2Cpm2_5%2Cpm10%2Cnitrogen_dioxide%2Ccarbon_monoxide%2Cdust%2Caerosol_optical_depth%2Cuv_index&past_days=1&forecast_days=1&timezone=auto "HTTP/1.1 200 OK"
[2026-09-22T02:39:01.958+0000] {_client.py:1740} INFO - HTTP Request: GET https://firms.modaps.eosdis.nasa.gov/api/area/csv/a00e0fd453cf11b44d6fe4f23d97f671/VIIRS_SNPP_NRT/108.907501,-0.894167,109.97348,0.719041/2 "HTTP/1.1 200 OK"
[2026-09-22T02:39:02.680+0000] {_client.py:1740} INFO - HTTP Request: GET https://www.emsifa.com/api-wilayah-indonesia/v2/regencies/61.72.json "HTTP/1.1 200 OK"
[2026-09-22T02:39:03.166+0000] {_client.py:1740} INFO - HTTP Request: GET https://www.emsifa.com/api-wilayah-indonesia/v2/paths/61.72.json "HTTP/1.1 200 OK"
[2026-09-22T02:39:03.551+0000] {_client.py:1740} INFO - HTTP Request: GET https://weather.visualcrossing.com/VisualCrossingWebServices/rest/services/timeline/0.904786196799786,108.97740501185594/2026-09-21/2026-09-21?unitGroup=metric&include=days&elements=datetime%2Ctemp%2Chumidity%2Cprecip%2Cwindspeed%2Cwinddir%2Cconditions&contentType=json&key=4YQR6MUMC3B7XPBT8GSBEG6XP "HTTP/1.1 200 "
[2026-09-22T02:39:03.577+0000] {_client.py:1740} INFO - HTTP Request: GET https://api.open-meteo.com/v1/forecast?latitude=0.904786196799786&longitude=108.97740501185594&daily=weather_code%2Ctemperature_2m_min%2Ctemperature_2m_max%2Ctemperature_2m_mean%2Crelative_humidity_2m_mean%2Cprecipitation_sum%2Cprecipitation_probability_max%2Cwind_speed_10m_max%2Cwind_direction_10m_dominant%2Cuv_index_max&forecast_days=3&timezone=auto "HTTP/1.1 200 OK"
[2026-09-22T02:39:03.579+0000] {_client.py:1740} INFO - HTTP Request: GET https://air-quality-api.open-meteo.com/v1/air-quality?latitude=0.904786196799786&longitude=108.97740501185594&hourly=us_aqi%2Cpm2_5%2Cpm10%2Cnitrogen_dioxide%2Ccarbon_monoxide%2Cdust%2Caerosol_optical_depth%2Cuv_index&past_days=1&forecast_days=1&timezone=auto "HTTP/1.1 200 OK"
[2026-09-22T02:39:04.933+0000] {_client.py:1740} INFO - HTTP Request: GET https://firms.modaps.eosdis.nasa.gov/api/area/csv/a00e0fd453cf11b44d6fe4f23d97f671/VIIRS_SNPP_NRT/108.872284,0.74862,109.172508,1.009011/2 "HTTP/1.1 200 OK"
[2026-09-22T02:39:05.214+0000] {load_kalimantan_postgres.py:42} INFO - Pipeline provinsi selesai: {'province_id': '61', 'weather': 14, 'hotspots': 387, 'air_quality': 672, 'forecast': 42}
[2026-09-22T02:39:05.216+0000] {python.py:240} INFO - Done. Returned value was: {'province_id': '61', 'weather': 14, 'hotspots': 387, 'air_quality': 672, 'forecast': 42}
[2026-09-22T02:39:05.260+0000] {taskinstance.py:341} INFO - ::group::Post task execution logs
[2026-09-22T02:39:05.260+0000] {taskinstance.py:353} INFO - Marking task as SUCCESS. dag_id=load_kalimantan_postgres, task_id=load_province_61, run_id=manual__2026-09-22T02:38:12.996896+00:00, execution_date=20260922T023812, start_date=20260922T023813, end_date=20260922T023905
[2026-09-22T02:39:05.324+0000] {local_task_job_runner.py:266} INFO - Task exited with return code 0
[2026-09-22T02:39:05.351+0000] {taskinstance.py:3901} INFO - 1 downstream tasks scheduled from follow-on schedule check
[2026-09-22T02:39:05.352+0000] {local_task_job_runner.py:245} INFO - ::endgroup::
