[2026-09-22T03:31:44.355+0000] {local_task_job_runner.py:123} INFO - ::group::Pre task execution logs
[2026-09-22T03:31:44.365+0000] {taskinstance.py:2614} INFO - Dependencies all met for dep_context=non-requeueable deps ti=<TaskInstance: load_kalimantan_mysql.load_province_64 manual__2026-09-22T03:29:12.247612+00:00 [queued]>
[2026-09-22T03:31:44.369+0000] {taskinstance.py:2614} INFO - Dependencies all met for dep_context=requeueable deps ti=<TaskInstance: load_kalimantan_mysql.load_province_64 manual__2026-09-22T03:29:12.247612+00:00 [queued]>
[2026-09-22T03:31:44.369+0000] {taskinstance.py:2867} INFO - Starting attempt 1 of 3
[2026-09-22T03:31:44.373+0000] {taskinstance.py:2890} INFO - Executing <Task(_PythonDecoratedOperator): load_province_64> on 2026-09-22 03:29:12.247612+00:00
[2026-09-22T03:31:44.376+0000] {standard_task_runner.py:72} INFO - Started process 1033 to run task
[2026-09-22T03:31:44.378+0000] {standard_task_runner.py:104} INFO - Running: ['***', 'tasks', 'run', 'load_kalimantan_mysql', 'load_province_64', 'manual__2026-09-22T03:29:12.247612+00:00', '--job-id', '17', '--raw', '--subdir', 'DAGS_FOLDER/load_kalimantan_mysql.py', '--cfg-path', '/tmp/tmpr8fg21wq']
[2026-09-22T03:31:44.380+0000] {standard_task_runner.py:105} INFO - Job 17: Subtask load_province_64
[2026-09-22T03:31:44.408+0000] {task_command.py:467} INFO - Running <TaskInstance: load_kalimantan_mysql.load_province_64 manual__2026-09-22T03:29:12.247612+00:00 [running]> on host 339bfe956b50
[2026-09-22T03:31:44.468+0000] {taskinstance.py:3134} INFO - Exporting env vars: AIRFLOW_CTX_DAG_OWNER='***' AIRFLOW_CTX_DAG_ID='load_kalimantan_mysql' AIRFLOW_CTX_TASK_ID='load_province_64' AIRFLOW_CTX_EXECUTION_DATE='2026-09-22T03:29:12.247612+00:00' AIRFLOW_CTX_TRY_NUMBER='1' AIRFLOW_CTX_DAG_RUN_ID='manual__2026-09-22T03:29:12.247612+00:00'
[2026-09-22T03:31:44.469+0000] {taskinstance.py:732} INFO - ::endgroup::
[2026-09-22T03:31:44.926+0000] {_client.py:1740} INFO - HTTP Request: GET https://www.emsifa.com/api-wilayah-indonesia/v2/provinces.json "HTTP/1.1 200 OK"
[2026-09-22T03:31:45.257+0000] {_client.py:1740} INFO - HTTP Request: GET https://www.emsifa.com/api-wilayah-indonesia/v2/regencies/64.json "HTTP/1.1 200 OK"
[2026-09-22T03:31:45.635+0000] {_client.py:1740} INFO - HTTP Request: GET https://www.emsifa.com/api-wilayah-indonesia/v2/regencies/64.01.json "HTTP/1.1 200 OK"
[2026-09-22T03:31:46.486+0000] {_client.py:1740} INFO - HTTP Request: GET https://www.emsifa.com/api-wilayah-indonesia/v2/provinces/64.json "HTTP/1.1 200 OK"
[2026-09-22T03:31:46.888+0000] {_client.py:1740} INFO - HTTP Request: GET https://www.emsifa.com/api-wilayah-indonesia/v2/paths/64.01.json "HTTP/1.1 200 OK"
[2026-09-22T03:31:47.356+0000] {_client.py:1740} INFO - HTTP Request: GET https://weather.visualcrossing.com/VisualCrossingWebServices/rest/services/timeline/-1.9104348021556423,116.19132949946525/2026-09-21/2026-09-21?unitGroup=metric&include=days&elements=datetime%2Ctemp%2Chumidity%2Cprecip%2Cwindspeed%2Cwinddir%2Cconditions&contentType=json&key=4YQR6MUMC3B7XPBT8GSBEG6XP "HTTP/1.1 200 "
[2026-09-22T03:31:47.360+0000] {_client.py:1740} INFO - HTTP Request: GET https://air-quality-api.open-meteo.com/v1/air-quality?latitude=-1.9104348021556423&longitude=116.19132949946525&hourly=us_aqi%2Cpm2_5%2Cpm10%2Cnitrogen_dioxide%2Ccarbon_monoxide%2Cdust%2Caerosol_optical_depth%2Cuv_index&past_days=1&forecast_days=1&timezone=auto "HTTP/1.1 200 OK"
[2026-09-22T03:31:47.388+0000] {_client.py:1740} INFO - HTTP Request: GET https://api.open-meteo.com/v1/forecast?latitude=-1.9104348021556423&longitude=116.19132949946525&daily=weather_code%2Ctemperature_2m_min%2Ctemperature_2m_max%2Ctemperature_2m_mean%2Crelative_humidity_2m_mean%2Cprecipitation_sum%2Cprecipitation_probability_max%2Cwind_speed_10m_max%2Cwind_direction_10m_dominant%2Cuv_index_max&forecast_days=3&timezone=auto "HTTP/1.1 200 OK"
[2026-09-22T03:31:48.710+0000] {_client.py:1740} INFO - HTTP Request: GET https://firms.modaps.eosdis.nasa.gov/api/area/csv/a00e0fd453cf11b44d6fe4f23d97f671/VIIRS_SNPP_NRT/115.53669,-2.542039,117.944801,-1.03778/2 "HTTP/1.1 200 OK"
[2026-09-22T03:31:50.014+0000] {_client.py:1740} INFO - HTTP Request: GET https://www.emsifa.com/api-wilayah-indonesia/v2/regencies/64.02.json "HTTP/1.1 200 OK"
[2026-09-22T03:31:50.420+0000] {_client.py:1740} INFO - HTTP Request: GET https://www.emsifa.com/api-wilayah-indonesia/v2/paths/64.02.json "HTTP/1.1 200 OK"
[2026-09-22T03:31:50.885+0000] {_client.py:1740} INFO - HTTP Request: GET https://air-quality-api.open-meteo.com/v1/air-quality?latitude=-0.4427799289927499&longitude=116.99867075751636&hourly=us_aqi%2Cpm2_5%2Cpm10%2Cnitrogen_dioxide%2Ccarbon_monoxide%2Cdust%2Caerosol_optical_depth%2Cuv_index&past_days=1&forecast_days=1&timezone=auto "HTTP/1.1 200 OK"
[2026-09-22T03:31:50.909+0000] {_client.py:1740} INFO - HTTP Request: GET https://weather.visualcrossing.com/VisualCrossingWebServices/rest/services/timeline/-0.4427799289927499,116.99867075751636/2026-09-21/2026-09-21?unitGroup=metric&include=days&elements=datetime%2Ctemp%2Chumidity%2Cprecip%2Cwindspeed%2Cwinddir%2Cconditions&contentType=json&key=4YQR6MUMC3B7XPBT8GSBEG6XP "HTTP/1.1 200 "
[2026-09-22T03:31:51.128+0000] {_client.py:1740} INFO - HTTP Request: GET https://api.open-meteo.com/v1/forecast?latitude=-0.4427799289927499&longitude=116.99867075751636&daily=weather_code%2Ctemperature_2m_min%2Ctemperature_2m_max%2Ctemperature_2m_mean%2Crelative_humidity_2m_mean%2Cprecipitation_sum%2Cprecipitation_probability_max%2Cwind_speed_10m_max%2Cwind_direction_10m_dominant%2Cuv_index_max&forecast_days=3&timezone=auto "HTTP/1.1 200 OK"
[2026-09-22T03:31:52.311+0000] {_client.py:1740} INFO - HTTP Request: GET https://firms.modaps.eosdis.nasa.gov/api/area/csv/a00e0fd453cf11b44d6fe4f23d97f671/VIIRS_SNPP_NRT/115.593269,-1.164211,117.628891,1.656151/2 "HTTP/1.1 200 OK"
[2026-09-22T03:31:53.823+0000] {_client.py:1740} INFO - HTTP Request: GET https://www.emsifa.com/api-wilayah-indonesia/v2/regencies/64.03.json "HTTP/1.1 200 OK"
[2026-09-22T03:31:54.220+0000] {_client.py:1740} INFO - HTTP Request: GET https://www.emsifa.com/api-wilayah-indonesia/v2/paths/64.03.json "HTTP/1.1 200 OK"
[2026-09-22T03:31:54.695+0000] {_client.py:1740} INFO - HTTP Request: GET https://api.open-meteo.com/v1/forecast?latitude=2.1500322293440193&longitude=117.50760061575453&daily=weather_code%2Ctemperature_2m_min%2Ctemperature_2m_max%2Ctemperature_2m_mean%2Crelative_humidity_2m_mean%2Cprecipitation_sum%2Cprecipitation_probability_max%2Cwind_speed_10m_max%2Cwind_direction_10m_dominant%2Cuv_index_max&forecast_days=3&timezone=auto "HTTP/1.1 200 OK"
[2026-09-22T03:31:54.714+0000] {_client.py:1740} INFO - HTTP Request: GET https://weather.visualcrossing.com/VisualCrossingWebServices/rest/services/timeline/2.1500322293440193,117.50760061575453/2026-09-21/2026-09-21?unitGroup=metric&include=days&elements=datetime%2Ctemp%2Chumidity%2Cprecip%2Cwindspeed%2Cwinddir%2Cconditions&contentType=json&key=4YQR6MUMC3B7XPBT8GSBEG6XP "HTTP/1.1 200 "
[2026-09-22T03:31:54.767+0000] {_client.py:1740} INFO - HTTP Request: GET https://air-quality-api.open-meteo.com/v1/air-quality?latitude=2.1500322293440193&longitude=117.50760061575453&hourly=us_aqi%2Cpm2_5%2Cpm10%2Cnitrogen_dioxide%2Ccarbon_monoxide%2Cdust%2Caerosol_optical_depth%2Cuv_index&past_days=1&forecast_days=1&timezone=auto "HTTP/1.1 200 OK"
[2026-09-22T03:31:55.814+0000] {_client.py:1740} INFO - HTTP Request: GET https://firms.modaps.eosdis.nasa.gov/api/area/csv/a00e0fd453cf11b44d6fe4f23d97f671/VIIRS_SNPP_NRT/116.176201,1.014511,118.998611,2.60199/2 "HTTP/1.1 200 OK"
[2026-09-22T03:31:57.337+0000] {_client.py:1740} INFO - HTTP Request: GET https://www.emsifa.com/api-wilayah-indonesia/v2/regencies/64.07.json "HTTP/1.1 200 OK"
[2026-09-22T03:31:57.786+0000] {_client.py:1740} INFO - HTTP Request: GET https://www.emsifa.com/api-wilayah-indonesia/v2/paths/64.07.json "HTTP/1.1 200 OK"
[2026-09-22T03:31:58.212+0000] {_client.py:1740} INFO - HTTP Request: GET https://api.open-meteo.com/v1/forecast?latitude=-0.2365477692797606&longitude=115.69643256908253&daily=weather_code%2Ctemperature_2m_min%2Ctemperature_2m_max%2Ctemperature_2m_mean%2Crelative_humidity_2m_mean%2Cprecipitation_sum%2Cprecipitation_probability_max%2Cwind_speed_10m_max%2Cwind_direction_10m_dominant%2Cuv_index_max&forecast_days=3&timezone=auto "HTTP/1.1 200 OK"
[2026-09-22T03:31:58.235+0000] {_client.py:1740} INFO - HTTP Request: GET https://weather.visualcrossing.com/VisualCrossingWebServices/rest/services/timeline/-0.2365477692797606,115.69643256908253/2026-09-21/2026-09-21?unitGroup=metric&include=days&elements=datetime%2Ctemp%2Chumidity%2Cprecip%2Cwindspeed%2Cwinddir%2Cconditions&contentType=json&key=4YQR6MUMC3B7XPBT8GSBEG6XP "HTTP/1.1 200 "
[2026-09-22T03:31:58.264+0000] {_client.py:1740} INFO - HTTP Request: GET https://air-quality-api.open-meteo.com/v1/air-quality?latitude=-0.2365477692797606&longitude=115.69643256908253&hourly=us_aqi%2Cpm2_5%2Cpm10%2Cnitrogen_dioxide%2Ccarbon_monoxide%2Cdust%2Caerosol_optical_depth%2Cuv_index&past_days=1&forecast_days=1&timezone=auto "HTTP/1.1 200 OK"
[2026-09-22T03:31:59.628+0000] {_client.py:1740} INFO - HTTP Request: GET https://firms.modaps.eosdis.nasa.gov/api/area/csv/a00e0fd453cf11b44d6fe4f23d97f671/VIIRS_SNPP_NRT/113.838081,-1.137429,116.54393,1.517201/2 "HTTP/1.1 200 OK"
[2026-09-22T03:32:01.036+0000] {_client.py:1740} INFO - HTTP Request: GET https://www.emsifa.com/api-wilayah-indonesia/v2/regencies/64.08.json "HTTP/1.1 200 OK"
[2026-09-22T03:32:01.472+0000] {_client.py:1740} INFO - HTTP Request: GET https://www.emsifa.com/api-wilayah-indonesia/v2/paths/64.08.json "HTTP/1.1 200 OK"
[2026-09-22T03:32:01.926+0000] {_client.py:1740} INFO - HTTP Request: GET https://weather.visualcrossing.com/VisualCrossingWebServices/rest/services/timeline/0.5256821109783744,117.60821781465334/2026-09-21/2026-09-21?unitGroup=metric&include=days&elements=datetime%2Ctemp%2Chumidity%2Cprecip%2Cwindspeed%2Cwinddir%2Cconditions&contentType=json&key=4YQR6MUMC3B7XPBT8GSBEG6XP "HTTP/1.1 200 "
[2026-09-22T03:32:01.970+0000] {_client.py:1740} INFO - HTTP Request: GET https://air-quality-api.open-meteo.com/v1/air-quality?latitude=0.5256821109783744&longitude=117.60821781465334&hourly=us_aqi%2Cpm2_5%2Cpm10%2Cnitrogen_dioxide%2Ccarbon_monoxide%2Cdust%2Caerosol_optical_depth%2Cuv_index&past_days=1&forecast_days=1&timezone=auto "HTTP/1.1 200 OK"
[2026-09-22T03:32:02.034+0000] {_client.py:1740} INFO - HTTP Request: GET https://api.open-meteo.com/v1/forecast?latitude=0.5256821109783744&longitude=117.60821781465334&daily=weather_code%2Ctemperature_2m_min%2Ctemperature_2m_max%2Ctemperature_2m_mean%2Crelative_humidity_2m_mean%2Cprecipitation_sum%2Cprecipitation_probability_max%2Cwind_speed_10m_max%2Cwind_direction_10m_dominant%2Cuv_index_max&forecast_days=3&timezone=auto "HTTP/1.1 200 OK"
[2026-09-22T03:32:02.933+0000] {_client.py:1740} INFO - HTTP Request: GET https://firms.modaps.eosdis.nasa.gov/api/area/csv/a00e0fd453cf11b44d6fe4f23d97f671/VIIRS_SNPP_NRT/116.06707,0.18153,118.987068,1.862971/2 "HTTP/1.1 200 OK"
[2026-09-22T03:32:04.329+0000] {_client.py:1740} INFO - HTTP Request: GET https://www.emsifa.com/api-wilayah-indonesia/v2/regencies/64.09.json "HTTP/1.1 200 OK"
[2026-09-22T03:32:04.826+0000] {_client.py:1740} INFO - HTTP Request: GET https://www.emsifa.com/api-wilayah-indonesia/v2/paths/64.09.json "HTTP/1.1 200 OK"
[2026-09-22T03:32:05.183+0000] {_client.py:1740} INFO - HTTP Request: GET https://air-quality-api.open-meteo.com/v1/air-quality?latitude=-1.308203498951236&longitude=116.72690384014312&hourly=us_aqi%2Cpm2_5%2Cpm10%2Cnitrogen_dioxide%2Ccarbon_monoxide%2Cdust%2Caerosol_optical_depth%2Cuv_index&past_days=1&forecast_days=1&timezone=auto "HTTP/1.1 200 OK"
[2026-09-22T03:32:05.217+0000] {_client.py:1740} INFO - HTTP Request: GET https://weather.visualcrossing.com/VisualCrossingWebServices/rest/services/timeline/-1.308203498951236,116.72690384014312/2026-09-21/2026-09-21?unitGroup=metric&include=days&elements=datetime%2Ctemp%2Chumidity%2Cprecip%2Cwindspeed%2Cwinddir%2Cconditions&contentType=json&key=4YQR6MUMC3B7XPBT8GSBEG6XP "HTTP/1.1 200 "
[2026-09-22T03:32:05.288+0000] {_client.py:1740} INFO - HTTP Request: GET https://api.open-meteo.com/v1/forecast?latitude=-1.308203498951236&longitude=116.72690384014312&daily=weather_code%2Ctemperature_2m_min%2Ctemperature_2m_max%2Ctemperature_2m_mean%2Crelative_humidity_2m_mean%2Cprecipitation_sum%2Cprecipitation_probability_max%2Cwind_speed_10m_max%2Cwind_direction_10m_dominant%2Cuv_index_max&forecast_days=3&timezone=auto "HTTP/1.1 200 OK"
[2026-09-22T03:32:06.410+0000] {_client.py:1740} INFO - HTTP Request: GET https://firms.modaps.eosdis.nasa.gov/api/area/csv/a00e0fd453cf11b44d6fe4f23d97f671/VIIRS_SNPP_NRT/116.302223,-1.614627,116.921417,-0.82782/2 "HTTP/1.1 200 OK"
[2026-09-22T03:32:07.895+0000] {_client.py:1740} INFO - HTTP Request: GET https://www.emsifa.com/api-wilayah-indonesia/v2/regencies/64.11.json "HTTP/1.1 200 OK"
[2026-09-22T03:32:08.340+0000] {_client.py:1740} INFO - HTTP Request: GET https://www.emsifa.com/api-wilayah-indonesia/v2/paths/64.11.json "HTTP/1.1 200 OK"
[2026-09-22T03:32:08.750+0000] {_client.py:1740} INFO - HTTP Request: GET https://air-quality-api.open-meteo.com/v1/air-quality?latitude=0.5056814783065791&longitude=115.27080682675607&hourly=us_aqi%2Cpm2_5%2Cpm10%2Cnitrogen_dioxide%2Ccarbon_monoxide%2Cdust%2Caerosol_optical_depth%2Cuv_index&past_days=1&forecast_days=1&timezone=auto "HTTP/1.1 200 OK"
[2026-09-22T03:32:08.754+0000] {_client.py:1740} INFO - HTTP Request: GET https://weather.visualcrossing.com/VisualCrossingWebServices/rest/services/timeline/0.5056814783065791,115.27080682675607/2026-09-21/2026-09-21?unitGroup=metric&include=days&elements=datetime%2Ctemp%2Chumidity%2Cprecip%2Cwindspeed%2Cwinddir%2Cconditions&contentType=json&key=4YQR6MUMC3B7XPBT8GSBEG6XP "HTTP/1.1 200 "
[2026-09-22T03:32:08.783+0000] {_client.py:1740} INFO - HTTP Request: GET https://api.open-meteo.com/v1/forecast?latitude=0.5056814783065791&longitude=115.27080682675607&daily=weather_code%2Ctemperature_2m_min%2Ctemperature_2m_max%2Ctemperature_2m_mean%2Crelative_humidity_2m_mean%2Cprecipitation_sum%2Cprecipitation_probability_max%2Cwind_speed_10m_max%2Cwind_direction_10m_dominant%2Cuv_index_max&forecast_days=3&timezone=auto "HTTP/1.1 200 OK"
[2026-09-22T03:32:09.821+0000] {_client.py:1740} INFO - HTTP Request: GET https://firms.modaps.eosdis.nasa.gov/api/area/csv/a00e0fd453cf11b44d6fe4f23d97f671/VIIRS_SNPP_NRT/113.836655,-0.191599,115.820515,1.51286/2 "HTTP/1.1 200 OK"
[2026-09-22T03:32:11.054+0000] {_client.py:1740} INFO - HTTP Request: GET https://www.emsifa.com/api-wilayah-indonesia/v2/regencies/64.71.json "HTTP/1.1 200 OK"
[2026-09-22T03:32:11.470+0000] {_client.py:1740} INFO - HTTP Request: GET https://www.emsifa.com/api-wilayah-indonesia/v2/paths/64.71.json "HTTP/1.1 200 OK"
[2026-09-22T03:32:11.921+0000] {_client.py:1740} INFO - HTTP Request: GET https://air-quality-api.open-meteo.com/v1/air-quality?latitude=-1.276337448127985&longitude=116.82776028626806&hourly=us_aqi%2Cpm2_5%2Cpm10%2Cnitrogen_dioxide%2Ccarbon_monoxide%2Cdust%2Caerosol_optical_depth%2Cuv_index&past_days=1&forecast_days=1&timezone=auto "HTTP/1.1 200 OK"
[2026-09-22T03:32:11.927+0000] {_client.py:1740} INFO - HTTP Request: GET https://api.open-meteo.com/v1/forecast?latitude=-1.276337448127985&longitude=116.82776028626806&daily=weather_code%2Ctemperature_2m_min%2Ctemperature_2m_max%2Ctemperature_2m_mean%2Crelative_humidity_2m_mean%2Cprecipitation_sum%2Cprecipitation_probability_max%2Cwind_speed_10m_max%2Cwind_direction_10m_dominant%2Cuv_index_max&forecast_days=3&timezone=auto "HTTP/1.1 200 OK"
[2026-09-22T03:32:11.947+0000] {_client.py:1740} INFO - HTTP Request: GET https://weather.visualcrossing.com/VisualCrossingWebServices/rest/services/timeline/-1.276337448127985,116.82776028626806/2026-09-21/2026-09-21?unitGroup=metric&include=days&elements=datetime%2Ctemp%2Chumidity%2Cprecip%2Cwindspeed%2Cwinddir%2Cconditions&contentType=json&key=4YQR6MUMC3B7XPBT8GSBEG6XP "HTTP/1.1 200 "
[2026-09-22T03:32:12.930+0000] {_client.py:1740} INFO - HTTP Request: GET https://firms.modaps.eosdis.nasa.gov/api/area/csv/a00e0fd453cf11b44d6fe4f23d97f671/VIIRS_SNPP_NRT/116.752983,-1.282268,117.017776,-1.040021/2 "HTTP/1.1 200 OK"
[2026-09-22T03:32:14.057+0000] {_client.py:1740} INFO - HTTP Request: GET https://www.emsifa.com/api-wilayah-indonesia/v2/regencies/64.72.json "HTTP/1.1 200 OK"
[2026-09-22T03:32:14.491+0000] {_client.py:1740} INFO - HTTP Request: GET https://www.emsifa.com/api-wilayah-indonesia/v2/paths/64.72.json "HTTP/1.1 200 OK"
[2026-09-22T03:32:14.929+0000] {_client.py:1740} INFO - HTTP Request: GET https://air-quality-api.open-meteo.com/v1/air-quality?latitude=-0.491364825551253&longitude=117.14598009498553&hourly=us_aqi%2Cpm2_5%2Cpm10%2Cnitrogen_dioxide%2Ccarbon_monoxide%2Cdust%2Caerosol_optical_depth%2Cuv_index&past_days=1&forecast_days=1&timezone=auto "HTTP/1.1 200 OK"
[2026-09-22T03:32:14.939+0000] {_client.py:1740} INFO - HTTP Request: GET https://weather.visualcrossing.com/VisualCrossingWebServices/rest/services/timeline/-0.491364825551253,117.14598009498553/2026-09-21/2026-09-21?unitGroup=metric&include=days&elements=datetime%2Ctemp%2Chumidity%2Cprecip%2Cwindspeed%2Cwinddir%2Cconditions&contentType=json&key=4YQR6MUMC3B7XPBT8GSBEG6XP "HTTP/1.1 200 "
[2026-09-22T03:32:14.983+0000] {_client.py:1740} INFO - HTTP Request: GET https://api.open-meteo.com/v1/forecast?latitude=-0.491364825551253&longitude=117.14598009498553&daily=weather_code%2Ctemperature_2m_min%2Ctemperature_2m_max%2Ctemperature_2m_mean%2Crelative_humidity_2m_mean%2Cprecipitation_sum%2Cprecipitation_probability_max%2Cwind_speed_10m_max%2Cwind_direction_10m_dominant%2Cuv_index_max&forecast_days=3&timezone=auto "HTTP/1.1 200 OK"
[2026-09-22T03:32:15.969+0000] {_client.py:1740} INFO - HTTP Request: GET https://firms.modaps.eosdis.nasa.gov/api/area/csv/a00e0fd453cf11b44d6fe4f23d97f671/VIIRS_SNPP_NRT/117.005653,-0.556479,117.342987,-0.30388/2 "HTTP/1.1 200 OK"
[2026-09-22T03:32:17.297+0000] {_client.py:1740} INFO - HTTP Request: GET https://www.emsifa.com/api-wilayah-indonesia/v2/regencies/64.74.json "HTTP/1.1 200 OK"
[2026-09-22T03:32:17.742+0000] {_client.py:1740} INFO - HTTP Request: GET https://www.emsifa.com/api-wilayah-indonesia/v2/paths/64.74.json "HTTP/1.1 200 OK"
[2026-09-22T03:32:18.224+0000] {_client.py:1740} INFO - HTTP Request: GET https://air-quality-api.open-meteo.com/v1/air-quality?latitude=0.06954899217650308&longitude=117.44419874425222&hourly=us_aqi%2Cpm2_5%2Cpm10%2Cnitrogen_dioxide%2Ccarbon_monoxide%2Cdust%2Caerosol_optical_depth%2Cuv_index&past_days=1&forecast_days=1&timezone=auto "HTTP/1.1 200 OK"
[2026-09-22T03:32:18.298+0000] {_client.py:1740} INFO - HTTP Request: GET https://api.open-meteo.com/v1/forecast?latitude=0.06954899217650308&longitude=117.44419874425222&daily=weather_code%2Ctemperature_2m_min%2Ctemperature_2m_max%2Ctemperature_2m_mean%2Crelative_humidity_2m_mean%2Cprecipitation_sum%2Cprecipitation_probability_max%2Cwind_speed_10m_max%2Cwind_direction_10m_dominant%2Cuv_index_max&forecast_days=3&timezone=auto "HTTP/1.1 200 OK"
[2026-09-22T03:32:18.497+0000] {_client.py:1740} INFO - HTTP Request: GET https://weather.visualcrossing.com/VisualCrossingWebServices/rest/services/timeline/0.06954899217650308,117.44419874425222/2026-09-21/2026-09-21?unitGroup=metric&include=days&elements=datetime%2Ctemp%2Chumidity%2Cprecip%2Cwindspeed%2Cwinddir%2Cconditions&contentType=json&key=4YQR6MUMC3B7XPBT8GSBEG6XP "HTTP/1.1 200 "
[2026-09-22T03:32:19.223+0000] {_client.py:1740} INFO - HTTP Request: GET https://firms.modaps.eosdis.nasa.gov/api/area/csv/a00e0fd453cf11b44d6fe4f23d97f671/VIIRS_SNPP_NRT/117.133362,-0.00091,117.565277,0.420541/2 "HTTP/1.1 200 OK"
[2026-09-22T03:32:20.366+0000] {load_kalimantan_mysql.py:66} INFO - Pipeline MySQL provinsi selesai: {'province_id': '64', 'weather': 20, 'hotspots': 722, 'air_quality': 632, 'forecast': 50}
[2026-09-22T03:32:20.369+0000] {python.py:240} INFO - Done. Returned value was: {'province_id': '64', 'weather': 20, 'hotspots': 722, 'air_quality': 632, 'forecast': 50}
[2026-09-22T03:32:20.421+0000] {taskinstance.py:341} INFO - ::group::Post task execution logs
[2026-09-22T03:32:20.422+0000] {taskinstance.py:353} INFO - Marking task as SUCCESS. dag_id=load_kalimantan_mysql, task_id=load_province_64, run_id=manual__2026-09-22T03:29:12.247612+00:00, execution_date=20260922T032912, start_date=20260922T033144, end_date=20260922T033220
[2026-09-22T03:32:20.478+0000] {local_task_job_runner.py:266} INFO - Task exited with return code 0
[2026-09-22T03:32:20.494+0000] {taskinstance.py:3901} INFO - 1 downstream tasks scheduled from follow-on schedule check
[2026-09-22T03:32:20.495+0000] {local_task_job_runner.py:245} INFO - ::endgroup::
