[2026-09-22T03:32:21.068+0000] {local_task_job_runner.py:123} INFO - ::group::Pre task execution logs
[2026-09-22T03:32:21.079+0000] {taskinstance.py:2614} INFO - Dependencies all met for dep_context=non-requeueable deps ti=<TaskInstance: load_kalimantan_mysql.load_province_65 manual__2026-09-22T03:29:12.247612+00:00 [queued]>
[2026-09-22T03:32:21.083+0000] {taskinstance.py:2614} INFO - Dependencies all met for dep_context=requeueable deps ti=<TaskInstance: load_kalimantan_mysql.load_province_65 manual__2026-09-22T03:29:12.247612+00:00 [queued]>
[2026-09-22T03:32:21.083+0000] {taskinstance.py:2867} INFO - Starting attempt 1 of 3
[2026-09-22T03:32:21.088+0000] {taskinstance.py:2890} INFO - Executing <Task(_PythonDecoratedOperator): load_province_65> on 2026-09-22 03:29:12.247612+00:00
[2026-09-22T03:32:21.090+0000] {standard_task_runner.py:72} INFO - Started process 1051 to run task
[2026-09-22T03:32:21.092+0000] {standard_task_runner.py:104} INFO - Running: ['***', 'tasks', 'run', 'load_kalimantan_mysql', 'load_province_65', 'manual__2026-09-22T03:29:12.247612+00:00', '--job-id', '18', '--raw', '--subdir', 'DAGS_FOLDER/load_kalimantan_mysql.py', '--cfg-path', '/tmp/tmpjk7u2pa0']
[2026-09-22T03:32:21.093+0000] {standard_task_runner.py:105} INFO - Job 18: Subtask load_province_65
[2026-09-22T03:32:21.118+0000] {task_command.py:467} INFO - Running <TaskInstance: load_kalimantan_mysql.load_province_65 manual__2026-09-22T03:29:12.247612+00:00 [running]> on host 339bfe956b50
[2026-09-22T03:32:21.154+0000] {taskinstance.py:3134} INFO - Exporting env vars: AIRFLOW_CTX_DAG_OWNER='***' AIRFLOW_CTX_DAG_ID='load_kalimantan_mysql' AIRFLOW_CTX_TASK_ID='load_province_65' AIRFLOW_CTX_EXECUTION_DATE='2026-09-22T03:29:12.247612+00:00' AIRFLOW_CTX_TRY_NUMBER='1' AIRFLOW_CTX_DAG_RUN_ID='manual__2026-09-22T03:29:12.247612+00:00'
[2026-09-22T03:32:21.154+0000] {taskinstance.py:732} INFO - ::endgroup::
[2026-09-22T03:32:21.630+0000] {_client.py:1740} INFO - HTTP Request: GET https://www.emsifa.com/api-wilayah-indonesia/v2/provinces.json "HTTP/1.1 200 OK"
[2026-09-22T03:32:22.042+0000] {_client.py:1740} INFO - HTTP Request: GET https://www.emsifa.com/api-wilayah-indonesia/v2/regencies/65.json "HTTP/1.1 200 OK"
[2026-09-22T03:32:22.413+0000] {_client.py:1740} INFO - HTTP Request: GET https://www.emsifa.com/api-wilayah-indonesia/v2/regencies/65.01.json "HTTP/1.1 200 OK"
[2026-09-22T03:32:22.781+0000] {_client.py:1740} INFO - HTTP Request: GET https://www.emsifa.com/api-wilayah-indonesia/v2/provinces/65.json "HTTP/1.1 200 OK"
[2026-09-22T03:32:23.237+0000] {_client.py:1740} INFO - HTTP Request: GET https://www.emsifa.com/api-wilayah-indonesia/v2/paths/65.01.json "HTTP/1.1 200 OK"
[2026-09-22T03:32:23.692+0000] {_client.py:1740} INFO - HTTP Request: GET https://weather.visualcrossing.com/VisualCrossingWebServices/rest/services/timeline/2.840859024940894,117.3980777424597/2026-09-21/2026-09-21?unitGroup=metric&include=days&elements=datetime%2Ctemp%2Chumidity%2Cprecip%2Cwindspeed%2Cwinddir%2Cconditions&contentType=json&key=4YQR6MUMC3B7XPBT8GSBEG6XP "HTTP/1.1 200 "
[2026-09-22T03:32:23.728+0000] {_client.py:1740} INFO - HTTP Request: GET https://api.open-meteo.com/v1/forecast?latitude=2.840859024940894&longitude=117.3980777424597&daily=weather_code%2Ctemperature_2m_min%2Ctemperature_2m_max%2Ctemperature_2m_mean%2Crelative_humidity_2m_mean%2Cprecipitation_sum%2Cprecipitation_probability_max%2Cwind_speed_10m_max%2Cwind_direction_10m_dominant%2Cuv_index_max&forecast_days=3&timezone=auto "HTTP/1.1 200 OK"
[2026-09-22T03:32:23.757+0000] {_client.py:1740} INFO - HTTP Request: GET https://air-quality-api.open-meteo.com/v1/air-quality?latitude=2.840859024940894&longitude=117.3980777424597&hourly=us_aqi%2Cpm2_5%2Cpm10%2Cnitrogen_dioxide%2Ccarbon_monoxide%2Cdust%2Caerosol_optical_depth%2Cuv_index&past_days=1&forecast_days=1&timezone=auto "HTTP/1.1 200 OK"
[2026-09-22T03:32:24.790+0000] {_client.py:1740} INFO - HTTP Request: GET https://firms.modaps.eosdis.nasa.gov/api/area/csv/a00e0fd453cf11b44d6fe4f23d97f671/VIIRS_SNPP_NRT/115.98922,2.105069,117.987995,3.593774/2 "HTTP/1.1 200 OK"
[2026-09-22T03:32:26.016+0000] {_client.py:1740} INFO - HTTP Request: GET https://www.emsifa.com/api-wilayah-indonesia/v2/regencies/65.02.json "HTTP/1.1 200 OK"
[2026-09-22T03:32:26.452+0000] {_client.py:1740} INFO - HTTP Request: GET https://www.emsifa.com/api-wilayah-indonesia/v2/paths/65.02.json "HTTP/1.1 200 OK"
[2026-09-22T03:32:26.890+0000] {_client.py:1740} INFO - HTTP Request: GET https://air-quality-api.open-meteo.com/v1/air-quality?latitude=3.5519331947811477&longitude=116.62208456556772&hourly=us_aqi%2Cpm2_5%2Cpm10%2Cnitrogen_dioxide%2Ccarbon_monoxide%2Cdust%2Caerosol_optical_depth%2Cuv_index&past_days=1&forecast_days=1&timezone=auto "HTTP/1.1 200 OK"
[2026-09-22T03:32:26.892+0000] {_client.py:1740} INFO - HTTP Request: GET https://api.open-meteo.com/v1/forecast?latitude=3.5519331947811477&longitude=116.62208456556772&daily=weather_code%2Ctemperature_2m_min%2Ctemperature_2m_max%2Ctemperature_2m_mean%2Crelative_humidity_2m_mean%2Cprecipitation_sum%2Cprecipitation_probability_max%2Cwind_speed_10m_max%2Cwind_direction_10m_dominant%2Cuv_index_max&forecast_days=3&timezone=auto "HTTP/1.1 200 OK"
[2026-09-22T03:32:26.903+0000] {_client.py:1740} INFO - HTTP Request: GET https://weather.visualcrossing.com/VisualCrossingWebServices/rest/services/timeline/3.5519331947811477,116.62208456556772/2026-09-21/2026-09-21?unitGroup=metric&include=days&elements=datetime%2Ctemp%2Chumidity%2Cprecip%2Cwindspeed%2Cwinddir%2Cconditions&contentType=json&key=4YQR6MUMC3B7XPBT8GSBEG6XP "HTTP/1.1 200 "
[2026-09-22T03:32:27.923+0000] {_client.py:1740} INFO - HTTP Request: GET https://firms.modaps.eosdis.nasa.gov/api/area/csv/a00e0fd453cf11b44d6fe4f23d97f671/VIIRS_SNPP_NRT/114.587616,1.086809,116.808136,4.102249/2 "HTTP/1.1 200 OK"
[2026-09-22T03:32:28.959+0000] {_client.py:1740} INFO - HTTP Request: GET https://www.emsifa.com/api-wilayah-indonesia/v2/regencies/65.03.json "HTTP/1.1 200 OK"
[2026-09-22T03:32:29.383+0000] {_client.py:1740} INFO - HTTP Request: GET https://www.emsifa.com/api-wilayah-indonesia/v2/paths/65.03.json "HTTP/1.1 200 OK"
[2026-09-22T03:32:29.805+0000] {_client.py:1740} INFO - HTTP Request: GET https://air-quality-api.open-meteo.com/v1/air-quality?latitude=4.077076241826642&longitude=117.71891117176128&hourly=us_aqi%2Cpm2_5%2Cpm10%2Cnitrogen_dioxide%2Ccarbon_monoxide%2Cdust%2Caerosol_optical_depth%2Cuv_index&past_days=1&forecast_days=1&timezone=auto "HTTP/1.1 200 OK"
[2026-09-22T03:32:29.886+0000] {_client.py:1740} INFO - HTTP Request: GET https://api.open-meteo.com/v1/forecast?latitude=4.077076241826642&longitude=117.71891117176128&daily=weather_code%2Ctemperature_2m_min%2Ctemperature_2m_max%2Ctemperature_2m_mean%2Crelative_humidity_2m_mean%2Cprecipitation_sum%2Cprecipitation_probability_max%2Cwind_speed_10m_max%2Cwind_direction_10m_dominant%2Cuv_index_max&forecast_days=3&timezone=auto "HTTP/1.1 200 OK"
[2026-09-22T03:32:29.893+0000] {_client.py:1740} INFO - HTTP Request: GET https://weather.visualcrossing.com/VisualCrossingWebServices/rest/services/timeline/4.077076241826642,117.71891117176128/2026-09-21/2026-09-21?unitGroup=metric&include=days&elements=datetime%2Ctemp%2Chumidity%2Cprecip%2Cwindspeed%2Cwinddir%2Cconditions&contentType=json&key=4YQR6MUMC3B7XPBT8GSBEG6XP "HTTP/1.1 200 "
[2026-09-22T03:32:31.022+0000] {_client.py:1740} INFO - HTTP Request: GET https://firms.modaps.eosdis.nasa.gov/api/area/csv/a00e0fd453cf11b44d6fe4f23d97f671/VIIRS_SNPP_NRT/115.570198,3.34562,117.792778,4.40325/2 "HTTP/1.1 200 OK"
[2026-09-22T03:32:32.367+0000] {_client.py:1740} INFO - HTTP Request: GET https://www.emsifa.com/api-wilayah-indonesia/v2/regencies/65.04.json "HTTP/1.1 200 OK"
[2026-09-22T03:32:32.765+0000] {_client.py:1740} INFO - HTTP Request: GET https://www.emsifa.com/api-wilayah-indonesia/v2/paths/65.04.json "HTTP/1.1 200 OK"
[2026-09-22T03:32:33.239+0000] {_client.py:1740} INFO - HTTP Request: GET https://weather.visualcrossing.com/VisualCrossingWebServices/rest/services/timeline/3.6022672070166344,116.90275124391299/2026-09-21/2026-09-21?unitGroup=metric&include=days&elements=datetime%2Ctemp%2Chumidity%2Cprecip%2Cwindspeed%2Cwinddir%2Cconditions&contentType=json&key=4YQR6MUMC3B7XPBT8GSBEG6XP "HTTP/1.1 200 "
[2026-09-22T03:32:33.264+0000] {_client.py:1740} INFO - HTTP Request: GET https://air-quality-api.open-meteo.com/v1/air-quality?latitude=3.6022672070166344&longitude=116.90275124391299&hourly=us_aqi%2Cpm2_5%2Cpm10%2Cnitrogen_dioxide%2Ccarbon_monoxide%2Cdust%2Caerosol_optical_depth%2Cuv_index&past_days=1&forecast_days=1&timezone=auto "HTTP/1.1 200 OK"
[2026-09-22T03:32:33.305+0000] {_client.py:1740} INFO - HTTP Request: GET https://api.open-meteo.com/v1/forecast?latitude=3.6022672070166344&longitude=116.90275124391299&daily=weather_code%2Ctemperature_2m_min%2Ctemperature_2m_max%2Ctemperature_2m_mean%2Crelative_humidity_2m_mean%2Cprecipitation_sum%2Cprecipitation_probability_max%2Cwind_speed_10m_max%2Cwind_direction_10m_dominant%2Cuv_index_max&forecast_days=3&timezone=auto "HTTP/1.1 200 OK"
[2026-09-22T03:32:34.241+0000] {_client.py:1740} INFO - HTTP Request: GET https://firms.modaps.eosdis.nasa.gov/api/area/csv/a00e0fd453cf11b44d6fe4f23d97f671/VIIRS_SNPP_NRT/116.693112,3.315031,117.826408,3.797683/2 "HTTP/1.1 200 OK"
[2026-09-22T03:32:35.351+0000] {_client.py:1740} INFO - HTTP Request: GET https://www.emsifa.com/api-wilayah-indonesia/v2/regencies/65.71.json "HTTP/1.1 200 OK"
[2026-09-22T03:32:35.840+0000] {_client.py:1740} INFO - HTTP Request: GET https://www.emsifa.com/api-wilayah-indonesia/v2/paths/65.71.json "HTTP/1.1 200 OK"
[2026-09-22T03:32:36.227+0000] {_client.py:1740} INFO - HTTP Request: GET https://air-quality-api.open-meteo.com/v1/air-quality?latitude=3.313742611777654&longitude=117.60485527164477&hourly=us_aqi%2Cpm2_5%2Cpm10%2Cnitrogen_dioxide%2Ccarbon_monoxide%2Cdust%2Caerosol_optical_depth%2Cuv_index&past_days=1&forecast_days=1&timezone=auto "HTTP/1.1 200 OK"
[2026-09-22T03:32:36.252+0000] {_client.py:1740} INFO - HTTP Request: GET https://weather.visualcrossing.com/VisualCrossingWebServices/rest/services/timeline/3.313742611777654,117.60485527164477/2026-09-21/2026-09-21?unitGroup=metric&include=days&elements=datetime%2Ctemp%2Chumidity%2Cprecip%2Cwindspeed%2Cwinddir%2Cconditions&contentType=json&key=4YQR6MUMC3B7XPBT8GSBEG6XP "HTTP/1.1 200 "
[2026-09-22T03:32:36.285+0000] {_client.py:1740} INFO - HTTP Request: GET https://api.open-meteo.com/v1/forecast?latitude=3.313742611777654&longitude=117.60485527164477&daily=weather_code%2Ctemperature_2m_min%2Ctemperature_2m_max%2Ctemperature_2m_mean%2Crelative_humidity_2m_mean%2Cprecipitation_sum%2Cprecipitation_probability_max%2Cwind_speed_10m_max%2Cwind_direction_10m_dominant%2Cuv_index_max&forecast_days=3&timezone=auto "HTTP/1.1 200 OK"
[2026-09-22T03:32:37.370+0000] {_client.py:1740} INFO - HTTP Request: GET https://firms.modaps.eosdis.nasa.gov/api/area/csv/a00e0fd453cf11b44d6fe4f23d97f671/VIIRS_SNPP_NRT/117.514442,3.238904,117.669167,3.443411/2 "HTTP/1.1 200 OK"
[2026-09-22T03:32:38.424+0000] {load_kalimantan_mysql.py:66} INFO - Pipeline MySQL provinsi selesai: {'province_id': '65', 'weather': 8, 'hotspots': 0, 'air_quality': 0, 'forecast': 30}
[2026-09-22T03:32:38.427+0000] {python.py:240} INFO - Done. Returned value was: {'province_id': '65', 'weather': 8, 'hotspots': 0, 'air_quality': 0, 'forecast': 30}
[2026-09-22T03:32:38.482+0000] {taskinstance.py:341} INFO - ::group::Post task execution logs
[2026-09-22T03:32:38.482+0000] {taskinstance.py:353} INFO - Marking task as SUCCESS. dag_id=load_kalimantan_mysql, task_id=load_province_65, run_id=manual__2026-09-22T03:29:12.247612+00:00, execution_date=20260922T032912, start_date=20260922T033221, end_date=20260922T033238
[2026-09-22T03:32:38.541+0000] {local_task_job_runner.py:266} INFO - Task exited with return code 0
[2026-09-22T03:32:38.553+0000] {taskinstance.py:3901} INFO - 0 downstream tasks scheduled from follow-on schedule check
[2026-09-22T03:32:38.554+0000] {local_task_job_runner.py:245} INFO - ::endgroup::
